Archive member included to satisfy reference by file (symbol)

c:/program files (x86)/atmel/studio/7.0/toolchain/arm/arm-gnu-toolchain/bin/../lib/gcc/arm-none-eabi/6.3.1/thumb/v7-m\libgcc.a(_arm_addsubdf3.o)
                              src/servo.o (__aeabi_ui2d)
c:/program files (x86)/atmel/studio/7.0/toolchain/arm/arm-gnu-toolchain/bin/../lib/gcc/arm-none-eabi/6.3.1/thumb/v7-m\libgcc.a(_arm_muldivdf3.o)
                              src/servo.o (__aeabi_dmul)
c:/program files (x86)/atmel/studio/7.0/toolchain/arm/arm-gnu-toolchain/bin/../lib/gcc/arm-none-eabi/6.3.1/thumb/v7-m\libgcc.a(_arm_cmpdf2.o)
                              src/servo.o (__aeabi_dcmplt)
c:/program files (x86)/atmel/studio/7.0/toolchain/arm/arm-gnu-toolchain/bin/../lib/gcc/arm-none-eabi/6.3.1/thumb/v7-m\libgcc.a(_arm_fixunsdfsi.o)
                              src/servo.o (__aeabi_d2uiz)
c:/program files (x86)/atmel/studio/7.0/toolchain/arm/arm-gnu-toolchain/bin/../lib/gcc/arm-none-eabi/6.3.1/thumb/v7-m\libgcc.a(_arm_truncdfsf2.o)
                              src/time.o (__aeabi_d2f)
c:/program files (x86)/atmel/studio/7.0/toolchain/arm/arm-gnu-toolchain/bin/../lib/gcc/arm-none-eabi/6.3.1/thumb/v7-m\libgcc.a(_aeabi_uldivmod.o)
                              src/time.o (__aeabi_uldivmod)
c:/program files (x86)/atmel/studio/7.0/toolchain/arm/arm-gnu-toolchain/bin/../lib/gcc/arm-none-eabi/6.3.1/thumb/v7-m\libgcc.a(_udivmoddi4.o)
                              c:/program files (x86)/atmel/studio/7.0/toolchain/arm/arm-gnu-toolchain/bin/../lib/gcc/arm-none-eabi/6.3.1/thumb/v7-m\libgcc.a(_aeabi_uldivmod.o) (__udivmoddi4)
c:/program files (x86)/atmel/studio/7.0/toolchain/arm/arm-gnu-toolchain/bin/../lib/gcc/arm-none-eabi/6.3.1/thumb/v7-m\libgcc.a(_dvmd_tls.o)
                              c:/program files (x86)/atmel/studio/7.0/toolchain/arm/arm-gnu-toolchain/bin/../lib/gcc/arm-none-eabi/6.3.1/thumb/v7-m\libgcc.a(_aeabi_uldivmod.o) (__aeabi_ldiv0)
c:/program files (x86)/atmel/studio/7.0/toolchain/arm/arm-gnu-toolchain/bin/../lib/gcc/arm-none-eabi/6.3.1/../../../../arm-none-eabi/lib/thumb/v7-m\libc.a(lib_a-exit.o)
                              c:/program files (x86)/atmel/studio/7.0/toolchain/arm/arm-gnu-toolchain/bin/../lib/gcc/arm-none-eabi/6.3.1/../../../../arm-none-eabi/lib/thumb/v7-m/crt0.o (exit)
c:/program files (x86)/atmel/studio/7.0/toolchain/arm/arm-gnu-toolchain/bin/../lib/gcc/arm-none-eabi/6.3.1/../../../../arm-none-eabi/lib/thumb/v7-m\libc.a(lib_a-impure.o)
                              c:/program files (x86)/atmel/studio/7.0/toolchain/arm/arm-gnu-toolchain/bin/../lib/gcc/arm-none-eabi/6.3.1/../../../../arm-none-eabi/lib/thumb/v7-m\libc.a(lib_a-exit.o) (_global_impure_ptr)
c:/program files (x86)/atmel/studio/7.0/toolchain/arm/arm-gnu-toolchain/bin/../lib/gcc/arm-none-eabi/6.3.1/../../../../arm-none-eabi/lib/thumb/v7-m\libc.a(lib_a-init.o)
                              c:/program files (x86)/atmel/studio/7.0/toolchain/arm/arm-gnu-toolchain/bin/../lib/gcc/arm-none-eabi/6.3.1/../../../../arm-none-eabi/lib/thumb/v7-m/crt0.o (__libc_init_array)
c:/program files (x86)/atmel/studio/7.0/toolchain/arm/arm-gnu-toolchain/bin/../lib/gcc/arm-none-eabi/6.3.1/../../../../arm-none-eabi/lib/thumb/v7-m\libc.a(lib_a-memset.o)
                              c:/program files (x86)/atmel/studio/7.0/toolchain/arm/arm-gnu-toolchain/bin/../lib/gcc/arm-none-eabi/6.3.1/../../../../arm-none-eabi/lib/thumb/v7-m/crt0.o (memset)
c:/program files (x86)/atmel/studio/7.0/toolchain/arm/arm-gnu-toolchain/bin/../lib/gcc/arm-none-eabi/6.3.1/../../../../arm-none-eabi/lib/thumb/v7-m\libc.a(lib_a-puts.o)
                              src/can.o (puts)
c:/program files (x86)/atmel/studio/7.0/toolchain/arm/arm-gnu-toolchain/bin/../lib/gcc/arm-none-eabi/6.3.1/../../../../arm-none-eabi/lib/thumb/v7-m\libc.a(lib_a-strlen-stub.o)
                              c:/program files (x86)/atmel/studio/7.0/toolchain/arm/arm-gnu-toolchain/bin/../lib/gcc/arm-none-eabi/6.3.1/../../../../arm-none-eabi/lib/thumb/v7-m\libc.a(lib_a-puts.o) (strlen)
c:/program files (x86)/atmel/studio/7.0/toolchain/arm/arm-gnu-toolchain/bin/../lib/gcc/arm-none-eabi/6.3.1/../../../../arm-none-eabi/lib/thumb/v7-m\libc.a(lib_a-__call_atexit.o)
                              c:/program files (x86)/atmel/studio/7.0/toolchain/arm/arm-gnu-toolchain/bin/../lib/gcc/arm-none-eabi/6.3.1/../../../../arm-none-eabi/lib/thumb/v7-m\libc.a(lib_a-exit.o) (__call_exitprocs)
c:/program files (x86)/atmel/studio/7.0/toolchain/arm/arm-gnu-toolchain/bin/../lib/gcc/arm-none-eabi/6.3.1/../../../../arm-none-eabi/lib/thumb/v7-m\libc.a(lib_a-atexit.o)
                              c:/program files (x86)/atmel/studio/7.0/toolchain/arm/arm-gnu-toolchain/bin/../lib/gcc/arm-none-eabi/6.3.1/../../../../arm-none-eabi/lib/thumb/v7-m\libc.a(lib_a-__call_atexit.o) (atexit)
c:/program files (x86)/atmel/studio/7.0/toolchain/arm/arm-gnu-toolchain/bin/../lib/gcc/arm-none-eabi/6.3.1/../../../../arm-none-eabi/lib/thumb/v7-m\libc.a(lib_a-findfp.o)
[...]
Memory Configuration

Name             Origin             Length             Attributes
rom              0x00080000         0x00080000         xr
ram              0x20000000         0x00018000         xrw
*default*        0x00000000         0xffffffff

Linker script and memory map

LOAD c:/program files (x86)/atmel/studio/7.0/toolchain/arm/arm-gnu-toolchain/bin/../lib/gcc/arm-none-eabi/6.3.1/thumb/v7-m/crti.o
LOAD c:/program files (x86)/atmel/studio/7.0/toolchain/arm/arm-gnu-toolchain/bin/../lib/gcc/arm-none-eabi/6.3.1/thumb/v7-m/crtbegin.o
LOAD c:/program files (x86)/atmel/studio/7.0/toolchain/arm/arm-gnu-toolchain/bin/../lib/gcc/arm-none-eabi/6.3.1/../../../../arm-none-eabi/lib/thumb/v7-m/crt0.o
LOAD Device_Startup/startup_sam3xa.o
LOAD Device_Startup/system_sam3xa.o
LOAD lib/can/can_controller.o
LOAD lib/can/can_interrupt.o
LOAD lib/urat/printf-stdarg.o
LOAD lib/urat/uart.o
LOAD src/can.o
LOAD src/pwm.o
LOAD src/main.o
LOAD src/servo.o
LOAD src/time.o
LOAD src/uart_int.o
START GROUP
END GROUP
START GROUP
LOAD c:/program files (x86)/atmel/studio/7.0/toolchain/arm/arm-gnu-toolchain/bin/../lib/gcc/arm-none-eabi/6.3.1/thumb/v7-m\libgcc.a
LOAD c:/program files (x86)/atmel/studio/7.0/toolchain/arm/arm-gnu-toolchain/bin/../lib/gcc/arm-none-eabi/6.3.1/../../../../arm-none-eabi/lib/thumb/v7-m\libc.a
END GROUP
LOAD c:/program files (x86)/atmel/studio/7.0/toolchain/arm/arm-gnu-toolchain/bin/../lib/gcc/arm-none-eabi/6.3.1/thumb/v7-m/crtend.o
LOAD c:/program files (x86)/atmel/studio/7.0/toolchain/arm/arm-gnu-toolchain/bin/../lib/gcc/arm-none-eabi/6.3.1/thumb/v7-m/crtn.o
                0x00000400                STACK_SIZE = DEFINED (STACK_SIZE)?STACK_SIZE:0x400
                0x00000200                HEAP_SIZE = DEFINED (HEAP_SIZE)?HEAP_SIZE:0x200

.text           0x00080000      0xb14
                0x00080000                . = ALIGN (0x4)
                0x00080000                _sfixed = .
 *(.vectors .vectors.*)
 .vectors       0x00080000       0xf4 Device_Startup/startup_sam3xa.o
                0x00080000                exception_table
 *(.text .text.* .gnu.linkonce.t.*)
 .text          0x000800f4       0x6c c:/program files (x86)/atmel/studio/7.0/toolchain/arm/arm-gnu-toolchain/bin/../lib/gcc/arm-none-eabi/6.3.1/thumb/v7-m/crtbegin.o
 .text.Dummy_Handler
                0x00080160        0x2 Device_Startup/startup_sam3xa.o
                0x00080160                DACC_Handler
                0x00080160                DebugMon_Handler
                0x00080160                DMAC_Handler
                0x00080160                TRNG_Handler
                0x00080160                HardFault_Handler
                0x00080160                TC2_Handler
                0x00080160                USART3_Handler
                0x00080160                TWI1_Handler
                0x00080160                PendSV_Handler
                0x00080160                NMI_Handler
                0x00080160                TC7_Handler
                0x00080160                ADC_Handler
                0x00080160                SMC_Handler
                0x00080160                USART0_Handler
                0x00080160                RTT_Handler
                0x00080160                EFC1_Handler
                0x00080160                PIOB_Handler
                0x00080160                RTC_Handler
                0x00080160                UsageFault_Handler
                0x00080160                TC6_Handler
                0x00080160                WDT_Handler
                0x00080160                TC4_Handler
                0x00080160                TC1_Handler
                0x00080160                HSMCI_Handler
                0x00080160                TC3_Handler
                0x00080160                Dummy_Handler
                0x00080160                TWI0_Handler
                0x00080160                USART1_Handler
                0x00080160                PIOA_Handler
                0x00080160                SSC_Handler
                0x00080160                EFC0_Handler
                0x00080160                PMC_Handler
                0x00080160                PWM_Handler
                0x00080160                CAN1_Handler
                0x00080160                MemManage_Handler
                0x00080160                SUPC_Handler
                0x00080160                SVC_Handler
                0x00080160                TC8_Handler
                0x00080160                USART2_Handler
                0x00080160                PIOD_Handler
                0x00080160                EMAC_Handler
                0x00080160                PIOC_Handler
                0x00080160                BusFault_Handler
                0x00080160                RSTC_Handler
                0x00080160                TC0_Handler
                0x00080160                TC5_Handler
                0x00080160                UOTGHS_Handler
                0x00080160                SPI0_Handler
 *fill*         0x00080162        0x2 
 .text.Reset_Handler
                0x00080164       0x6c Device_Startup/startup_sam3xa.o
                0x00080164                Reset_Handler
 .text.SystemInit
                0x000801d0       0xa4 Device_Startup/system_sam3xa.o
                0x000801d0                SystemInit
 .text.can_init_controller
                0x00080274       0xe8 lib/can/can_controller.o
                0x00080274                can_init_controller
 .text.can_receive
                0x0008035c       0x84 lib/can/can_controller.o
                0x0008035c                can_receive
 .text.CAN0_Handler
                0x000803e0       0x70 lib/can/can_interrupt.o
                0x000803e0                CAN0_Handler
 .text.printchar
                0x00080450       0x10 lib/urat/printf-stdarg.o
 .text.prints   0x00080460       0x84 lib/urat/printf-stdarg.o
 .text.printi   0x000804e4       0xac lib/urat/printf-stdarg.o
 .text.print    0x00080590      0x150 lib/urat/printf-stdarg.o
 .text.printf   0x000806e0       0x24 lib/urat/printf-stdarg.o
                0x000806e0                printf
 .text.uart_putchar
                0x00080704       0x24 lib/urat/uart.o
                0x00080704                uart_putchar
 .text.UART_Handler
                0x00080728       0x68 lib/urat/uart.o
                0x00080728                UART_Handler
 .text.pwm_init
                0x00080790       0x54 src/pwm.o
                0x00080790                pwm_init
 .text.main     0x000807e4       0x64 src/main.o
                0x000807e4                main
 .text.servo_init
                0x00080848        0xc src/servo.o
                0x00080848                servo_init
 .text.time_init
                0x00080854       0x34 src/time.o
                0x00080854                time_init
 .text.SysTick_Handler
                0x00080888       0x24 src/time.o
                0x00080888                SysTick_Handler
 .text.uart_init
                0x000808ac       0x58 src/uart_int.o
                0x000808ac                uart_init
 .text.__libc_init_array
                0x00080904       0x50 c:/program files (x86)/atmel/studio/7.0/toolchain/arm/arm-gnu-toolchain/bin/../lib/gcc/arm-none-eabi/6.3.1/../../../../arm-none-eabi/lib/thumb/v7-m\libc.a(lib_a-init.o)
                0x00080904                __libc_init_array
 .text.startup.register_fini
                0x00080954       0x14 c:/program files (x86)/atmel/studio/7.0/toolchain/arm/arm-gnu-toolchain/bin/../lib/gcc/arm-none-eabi/6.3.1/../../../../arm-none-eabi/lib/thumb/v7-m\libc.a(lib_a-__call_atexit.o)
 .text.atexit   0x00080968        0xc c:/program files (x86)/atmel/studio/7.0/toolchain/arm/arm-gnu-toolchain/bin/../lib/gcc/arm-none-eabi/6.3.1/../../../../arm-none-eabi/lib/thumb/v7-m\libc.a(lib_a-atexit.o)
                0x00080968                atexit
 .text.__libc_fini_array
                0x00080974       0x34 c:/program files (x86)/atmel/studio/7.0/toolchain/arm/arm-gnu-toolchain/bin/../lib/gcc/arm-none-eabi/6.3.1/../../../../arm-none-eabi/lib/thumb/v7-m\libc.a(lib_a-fini.o)
                0x00080974                __libc_fini_array
 .text.__retarget_lock_acquire_recursive
                0x000809a8        0x4 c:/program files (x86)/atmel/studio/7.0/toolchain/arm/arm-gnu-toolchain/bin/../lib/gcc/arm-none-eabi/6.3.1/../../../../arm-none-eabi/lib/thumb/v7-m\libc.a(lib_a-lock.o)
                0x000809a8                __retarget_lock_acquire_recursive
 .text.__retarget_lock_release_recursive
                0x000809ac        0x4 c:/program files (x86)/atmel/studio/7.0/toolchain/arm/arm-gnu-toolchain/bin/../lib/gcc/arm-none-eabi/6.3.1/../../../../arm-none-eabi/lib/thumb/v7-m\libc.a(lib_a-lock.o)
                0x000809ac                __retarget_lock_release_recursive
 .text.__register_exitproc
                0x000809b0       0xc4 c:/program files (x86)/atmel/studio/7.0/toolchain/arm/arm-gnu-toolchain/bin/../lib/gcc/arm-none-eabi/6.3.1/../../../../arm-none-eabi/lib/thumb/v7-m\libc.a(lib_a-__atexit.o)
                0x000809b0                __register_exitproc
 *(.glue_7t)
 .glue_7t       0x00080a74        0x0 linker stubs
 *(.glue_7)
 .glue_7        0x00080a74        0x0 linker stubs
 *(.rodata .rodata* .gnu.linkonce.r.*)
 .rodata.str1.4
                0x00080a74       0x2b lib/can/can_interrupt.o
 *fill*         0x00080a9f        0x1 
 .rodata.str1.4
                0x00080aa0        0x7 lib/urat/printf-stdarg.o
 *fill*         0x00080aa7        0x1 
 .rodata.str1.4
                0x00080aa8       0x1e lib/urat/uart.o
 *fill*         0x00080ac6        0x2 
 .rodata.str1.4
                0x00080ac8       0x20 src/main.o
                                 0x1f (size before relaxing)
 .rodata._global_impure_ptr
                0x00080ae8        0x4 c:/program files (x86)/atmel/studio/7.0/toolchain/arm/arm-gnu-toolchain/bin/../lib/gcc/arm-none-eabi/6.3.1/../../../../arm-none-eabi/lib/thumb/v7-m\libc.a(lib_a-impure.o)
                0x00080ae8                _global_impure_ptr
 *(.ARM.extab* .gnu.linkonce.armextab.*)
                0x00080aec                . = ALIGN (0x4)
 *(.init)
 .init          0x00080aec        0x4 c:/program files (x86)/atmel/studio/7.0/toolchain/arm/arm-gnu-toolchain/bin/../lib/gcc/arm-none-eabi/6.3.1/thumb/v7-m/crti.o
                0x00080aec                _init
 .init          0x00080af0        0x8 c:/program files (x86)/atmel/studio/7.0/toolchain/arm/arm-gnu-toolchain/bin/../lib/gcc/arm-none-eabi/6.3.1/thumb/v7-m/crtn.o
                0x00080af8                . = ALIGN (0x4)
                0x00080af8                __preinit_array_start = .
 *(.preinit_array)
                0x00080af8                __preinit_array_end = .
                0x00080af8                . = ALIGN (0x4)
                0x00080af8                __init_array_start = .
 *(SORT(.init_array.*))
 .init_array.00000
                0x00080af8        0x4 c:/program files (x86)/atmel/studio/7.0/toolchain/arm/arm-gnu-toolchain/bin/../lib/gcc/arm-none-eabi/6.3.1/../../../../arm-none-eabi/lib/thumb/v7-m\libc.a(lib_a-__call_atexit.o)
 *(.init_array)
 .init_array    0x00080afc        0x4 c:/program files (x86)/atmel/studio/7.0/toolchain/arm/arm-gnu-toolchain/bin/../lib/gcc/arm-none-eabi/6.3.1/thumb/v7-m/crtbegin.o
 .init_array    0x00080b00        0x4 src/time.o
                0x00080b04                __init_array_end = .
                0x00080b04                . = ALIGN (0x4)
 *crtbegin.o(.ctors)
 *(EXCLUDE_FILE(*crtend.o) .ctors)
 *(SORT(.ctors.*))
 *crtend.o(.ctors)
                0x00080b04                . = ALIGN (0x4)
 *(.fini)
 .fini          0x00080b04        0x4 c:/program files (x86)/atmel/studio/7.0/toolchain/arm/arm-gnu-toolchain/bin/../lib/gcc/arm-none-eabi/6.3.1/thumb/v7-m/crti.o
                0x00080b04                _fini
 .fini          0x00080b08        0x8 c:/program files (x86)/atmel/studio/7.0/toolchain/arm/arm-gnu-toolchain/bin/../lib/gcc/arm-none-eabi/6.3.1/thumb/v7-m/crtn.o
                0x00080b10                . = ALIGN (0x4)
                0x00080b10                __fini_array_start = .
 *(.fini_array)
 .fini_array    0x00080b10        0x4 c:/program files (x86)/atmel/studio/7.0/toolchain/arm/arm-gnu-toolchain/bin/../lib/gcc/arm-none-eabi/6.3.1/thumb/v7-m/crtbegin.o
 *(SORT(.fini_array.*))
                0x00080b14                __fini_array_end = .
 *crtbegin.o(.dtors)
 *(EXCLUDE_FILE(*crtend.o) .dtors)
 *(SORT(.dtors.*))
 *crtend.o(.dtors)
                0x00080b14                . = ALIGN (0x4)
                0x00080b14                _efixed = .
                [!provide]                PROVIDE (__exidx_start, .)

.vfp11_veneer   0x00080b14        0x0
 .vfp11_veneer  0x00080b14        0x0 linker stubs

.v4_bx          0x00080b14        0x0
 .v4_bx         0x00080b14        0x0 linker stubs

.iplt           0x00080b14        0x0
 .iplt          0x00080b14        0x0 c:/program files (x86)/atmel/studio/7.0/toolchain/arm/arm-gnu-toolchain/bin/../lib/gcc/arm-none-eabi/6.3.1/thumb/v7-m/crtbegin.o

.eh_frame       0x00080b14        0x0
 .eh_frame      0x00080b14        0x0 c:/program files (x86)/atmel/studio/7.0/toolchain/arm/arm-gnu-toolchain/bin/../lib/gcc/arm-none-eabi/6.3.1/thumb/v7-m/crtbegin.o

.rel.dyn        0x00080b14        0x0
 .rel.iplt      0x00080b14        0x0 c:/program files (x86)/atmel/studio/7.0/toolchain/arm/arm-gnu-toolchain/bin/../lib/gcc/arm-none-eabi/6.3.1/thumb/v7-m/crtbegin.o

.jcr            0x00080b14        0x0
 .jcr           0x00080b14        0x0 c:/program files (x86)/atmel/studio/7.0/toolchain/arm/arm-gnu-toolchain/bin/../lib/gcc/arm-none-eabi/6.3.1/thumb/v7-m/crtbegin.o

.igot.plt       0x00080b14        0x0
 .igot.plt      0x00080b14        0x0 c:/program files (x86)/atmel/studio/7.0/toolchain/arm/arm-gnu-toolchain/bin/../lib/gcc/arm-none-eabi/6.3.1/thumb/v7-m/crtbegin.o

.ARM.exidx
 *(.ARM.exidx* .gnu.linkonce.armexidx.*)
                [!provide]                PROVIDE (__exidx_end, .)
                0x00080b14                . = ALIGN (0x4)
                0x00080b14                _etext = .

.relocate       0x20000000      0x434 load address 0x00080b14
                0x20000000                . = ALIGN (0x4)
                0x20000000                _srelocate = .
 *(.ramfunc .ramfunc.*)
 *(.data .data.*)
 .data          0x20000000        0x4 Device_Startup/system_sam3xa.o
                0x20000000                SystemCoreClock
 *fill*         0x20000004        0x4 
 .data.impure_data
                0x20000008      0x428 c:/program files (x86)/atmel/studio/7.0/toolchain/arm/arm-gnu-toolchain/bin/../lib/gcc/arm-none-eabi/6.3.1/../../../../arm-none-eabi/lib/thumb/v7-m\libc.a(lib_a-impure.o)
 .data.__atexit_recursive_mutex
                0x20000430        0x4 c:/program files (x86)/atmel/studio/7.0/toolchain/arm/arm-gnu-toolchain/bin/../lib/gcc/arm-none-eabi/6.3.1/../../../../arm-none-eabi/lib/thumb/v7-m\libc.a(lib_a-__call_atexit.o)
                0x20000430                __atexit_recursive_mutex
                0x20000434                . = ALIGN (0x4)
                0x20000434                _erelocate = .

.bss            0x20000438       0x9c load address 0x00080f50
                0x20000438                . = ALIGN (0x4)
                0x20000438                _sbss = .
                0x20000438                _szero = .
 *(.bss .bss.*)
 .bss           0x20000438       0x1c c:/program files (x86)/atmel/studio/7.0/toolchain/arm/arm-gnu-toolchain/bin/../lib/gcc/arm-none-eabi/6.3.1/thumb/v7-m/crtbegin.o
 *fill*         0x20000454        0x4 
 .bss           0x20000458        0x8 src/time.o
 *(COMMON)
 COMMON         0x20000460       0x42 lib/urat/uart.o
                0x20000460                rx_buffer
 *fill*         0x200004a2        0x6 
 COMMON         0x200004a8        0x8 src/time.o
                0x200004a8                calib
 COMMON         0x200004b0       0x21 c:/program files (x86)/atmel/studio/7.0/toolchain/arm/arm-gnu-toolchain/bin/../lib/gcc/arm-none-eabi/6.3.1/../../../../arm-none-eabi/lib/thumb/v7-m\libc.a(lib_a-lock.o)
                0x200004b0                __lock___atexit_recursive_mutex
                0x200004b4                __lock___arc4random_mutex
                0x200004b8                __lock___env_recursive_mutex
                0x200004bc                __lock___sinit_recursive_mutex
                0x200004c0                __lock___malloc_recursive_mutex
                0x200004c4                __lock___at_quick_exit_mutex
                0x200004c8                __lock___dd_hash_mutex
                0x200004cc                __lock___tz_mutex
                0x200004d0                __lock___sfp_recursive_mutex
                0x200004d4                . = ALIGN (0x4)
 *fill*         0x200004d1        0x3 
                0x200004d4                _ebss = .
                0x200004d4                _ezero = .

.stack          0x200004d4      0x404 load address 0x00080fec
                0x200004d8                . = ALIGN (0x8)
 *fill*         0x200004d4        0x4 
                0x200004d8                _sstack = .
                0x200008d8                . = (. + STACK_SIZE)
 *fill*         0x200004d8      0x400 
                0x200008d8                . = ALIGN (0x8)
                0x200008d8                _estack = .

.heap           0x200008d8      0x200 load address 0x000813f0
                0x200008d8                . = ALIGN (0x8)
                0x200008d8                _sheap = .
                0x20000ad8                . = (. + HEAP_SIZE)
 *fill*         0x200008d8      0x200 
                0x20000ad8                . = ALIGN (0x8)
                0x20000ad8                _eheap = .
                0x20000ad8                . = ALIGN (0x4)
                0x20000ad8                _end = .
                0x20017fff                _ram_end_ = ((ORIGIN (ram) + LENGTH (ram)) - 0x1)
OUTPUT(RosaElefant.elf elf32-littlearm)

.ARM.attributes
                0x00000000       0x29
 .ARM.attributes
                0x00000000       0x1d c:/program files (x86)/atmel/studio/7.0/toolchain/arm/arm-gnu-toolchain/bin/../lib/gcc/arm-none-eabi/6.3.1/thumb/v7-m/crti.o
 .ARM.attributes
                0x0000001d       0x2d c:/program files (x86)/atmel/studio/7.0/toolchain/arm/arm-gnu-toolchain/bin/../lib/gcc/arm-none-eabi/6.3.1/thumb/v7-m/crtbegin.o
 .ARM.attributes
                0x0000004a       0x33 Device_Startup/startup_sam3xa.o
 .ARM.attributes
                0x0000007d       0x33 Device_Startup/system_sam3xa.o
 .ARM.attributes
                0x000000b0       0x33 lib/can/can_controller.o
 .ARM.attributes
                0x000000e3       0x33 lib/can/can_interrupt.o
 .ARM.attributes
                0x00000116       0x33 lib/urat/printf-stdarg.o
 .ARM.attributes
                0x00000149       0x33 lib/urat/uart.o
 .ARM.attributes
                0x0000017c       0x33 src/pwm.o
 .ARM.attributes
                0x000001af       0x33 src/main.o
 .ARM.attributes
                0x000001e2       0x33 src/servo.o
 .ARM.attributes
                0x00000215       0x33 src/time.o
 .ARM.attributes
                0x00000248       0x33 src/uart_int.o
 .ARM.attributes
                0x0000027b       0x2d c:/program files (x86)/atmel/studio/7.0/toolchain/arm/arm-gnu-toolchain/bin/../lib/gcc/arm-none-eabi/6.3.1/../../../../arm-none-eabi/lib/thumb/v7-m\libc.a(lib_a-impure.o)
 .ARM.attributes
                0x000002a8       0x2d c:/program files (x86)/atmel/studio/7.0/toolchain/arm/arm-gnu-toolchain/bin/../lib/gcc/arm-none-eabi/6.3.1/../../../../arm-none-eabi/lib/thumb/v7-m\libc.a(lib_a-init.o)
 .ARM.attributes
                0x000002d5       0x2d c:/program files (x86)/atmel/studio/7.0/toolchain/arm/arm-gnu-toolchain/bin/../lib/gcc/arm-none-eabi/6.3.1/../../../../arm-none-eabi/lib/thumb/v7-m\libc.a(lib_a-__call_atexit.o)
 .ARM.attributes
                0x00000302       0x2d c:/program files (x86)/atmel/studio/7.0/toolchain/arm/arm-gnu-toolchain/bin/../lib/gcc/arm-none-eabi/6.3.1/../../../../arm-none-eabi/lib/thumb/v7-m\libc.a(lib_a-atexit.o)
 .ARM.attributes
                0x0000032f       0x2d c:/program files (x86)/atmel/studio/7.0/toolchain/arm/arm-gnu-toolchain/bin/../lib/gcc/arm-none-eabi/6.3.1/../../../../arm-none-eabi/lib/thumb/v7-m\libc.a(lib_a-fini.o)
 .ARM.attributes
                0x0000035c       0x2d c:/program files (x86)/atmel/studio/7.0/toolchain/arm/arm-gnu-toolchain/bin/../lib/gcc/arm-none-eabi/6.3.1/../../../../arm-none-eabi/lib/thumb/v7-m\libc.a(lib_a-lock.o)
 .ARM.attributes
                0x00000389       0x2d c:/program files (x86)/atmel/studio/7.0/toolchain/arm/arm-gnu-toolchain/bin/../lib/gcc/arm-none-eabi/6.3.1/../../../../arm-none-eabi/lib/thumb/v7-m\libc.a(lib_a-__atexit.o)
 .ARM.attributes
                0x000003b6       0x1d c:/program files (x86)/atmel/studio/7.0/toolchain/arm/arm-gnu-toolchain/bin/../lib/gcc/arm-none-eabi/6.3.1/thumb/v7-m/crtn.o

.comment        0x00000000       0x59
 .comment       0x00000000       0x59 Device_Startup/startup_sam3xa.o
                                 0x5a (size before relaxing)
 .comment       0x00000059       0x5a Device_Startup/system_sam3xa.o
 .comment       0x00000059       0x5a lib/can/can_controller.o
 .comment       0x00000059       0x5a lib/can/can_interrupt.o
 .comment       0x00000059       0x5a lib/urat/printf-stdarg.o
 .comment       0x00000059       0x5a lib/urat/uart.o
 .comment       0x00000059       0x5a src/pwm.o
 .comment       0x00000059       0x5a src/main.o
 .comment       0x00000059       0x5a src/servo.o
 .comment       0x00000059       0x5a src/time.o
 .comment       0x00000059       0x5a src/uart_int.o

.debug_info     0x00000000     0x7d80
 .debug_info    0x00000000      0x74e Device_Startup/startup_sam3xa.o
 .debug_info    0x0000074e      0x444 Device_Startup/system_sam3xa.o
 .debug_info    0x00000b92      0xd43 lib/can/can_controller.o
 .debug_info    0x000018d5      0xf81 lib/can/can_interrupt.o
 .debug_info    0x00002856      0x60b lib/urat/printf-stdarg.o
 .debug_info    0x00002e61      0xc4b lib/urat/uart.o
 .debug_info    0x00003aac      0xb23 src/pwm.o
 .debug_info    0x000045cf      0x29a src/main.o
 .debug_info    0x00004869      0x63a src/servo.o
 .debug_info    0x00004ea3     0x13ae src/time.o
 .debug_info    0x00006251     0x1b2f src/uart_int.o

.debug_abbrev   0x00000000     0x1585
 .debug_abbrev  0x00000000      0x153 Device_Startup/startup_sam3xa.o
 .debug_abbrev  0x00000153      0x102 Device_Startup/system_sam3xa.o
 .debug_abbrev  0x00000255      0x212 lib/can/can_controller.o
 .debug_abbrev  0x00000467      0x2bb lib/can/can_interrupt.o
 .debug_abbrev  0x00000722      0x194 lib/urat/printf-stdarg.o
 .debug_abbrev  0x000008b6      0x23b lib/urat/uart.o
 .debug_abbrev  0x00000af1       0xca src/pwm.o
 .debug_abbrev  0x00000bbb      0x190 src/main.o
 .debug_abbrev  0x00000d4b      0x174 src/servo.o
 .debug_abbrev  0x00000ebf      0x32d src/time.o
 .debug_abbrev  0x000011ec      0x399 src/uart_int.o

.debug_loc      0x00000000     0x177e
 .debug_loc     0x00000000       0x78 Device_Startup/startup_sam3xa.o
 .debug_loc     0x00000078      0x268 lib/can/can_controller.o
 .debug_loc     0x000002e0       0x7f lib/can/can_interrupt.o
 .debug_loc     0x0000035f      0x8d2 lib/urat/printf-stdarg.o
 .debug_loc     0x00000c31       0xce lib/urat/uart.o
 .debug_loc     0x00000cff       0x2c src/main.o
 .debug_loc     0x00000d2b       0x9e src/servo.o
 .debug_loc     0x00000dc9      0x527 src/time.o
 .debug_loc     0x000012f0      0x48e src/uart_int.o

.debug_aranges  0x00000000      0x2e8
 .debug_aranges
                0x00000000       0x28 Device_Startup/startup_sam3xa.o
 .debug_aranges
                0x00000028       0x30 Device_Startup/system_sam3xa.o
 .debug_aranges
                0x00000058       0x38 lib/can/can_controller.o
 .debug_aranges
                0x00000090       0x20 lib/can/can_interrupt.o
 .debug_aranges
                0x000000b0       0x50 lib/urat/printf-stdarg.o
 .debug_aranges
                0x00000100       0x38 lib/urat/uart.o
 .debug_aranges
                0x00000138       0x20 src/pwm.o
 .debug_aranges
                0x00000158       0x20 src/main.o
 .debug_aranges
                0x00000178       0x28 src/servo.o
 .debug_aranges
                0x000001a0       0xa8 src/time.o
 .debug_aranges
                0x00000248       0xa0 src/uart_int.o

.debug_ranges   0x00000000      0x268
 .debug_ranges  0x00000000       0x18 Device_Startup/startup_sam3xa.o
 .debug_ranges  0x00000018       0x20 Device_Startup/system_sam3xa.o
 .debug_ranges  0x00000038       0x28 lib/can/can_controller.o
 .debug_ranges  0x00000060       0x28 lib/can/can_interrupt.o
 .debug_ranges  0x00000088       0x58 lib/urat/printf-stdarg.o
 .debug_ranges  0x000000e0       0x28 lib/urat/uart.o
 .debug_ranges  0x00000108       0x10 src/pwm.o
 .debug_ranges  0x00000118       0x10 src/main.o
 .debug_ranges  0x00000128       0x18 src/servo.o
 .debug_ranges  0x00000140       0x98 src/time.o
 .debug_ranges  0x000001d8       0x90 src/uart_int.o

.debug_macro    0x00000000    0x130f6
 .debug_macro   0x00000000      0x371 Device_Startup/startup_sam3xa.o
 .debug_macro   0x00000371      0x8b0 Device_Startup/startup_sam3xa.o
 .debug_macro   0x00000c21       0x22 Device_Startup/startup_sam3xa.o
 .debug_macro   0x00000c43       0x87 Device_Startup/startup_sam3xa.o
 .debug_macro   0x00000cca       0x51 Device_Startup/startup_sam3xa.o
 .debug_macro   0x00000d1b       0xef Device_Startup/startup_sam3xa.o
 .debug_macro   0x00000e0a       0x6a Device_Startup/startup_sam3xa.o
 .debug_macro   0x00000e74      0x1df Device_Startup/startup_sam3xa.o
 .debug_macro   0x00001053       0x20 Device_Startup/startup_sam3xa.o
 .debug_macro   0x00001073       0x1c Device_Startup/startup_sam3xa.o
 .debug_macro   0x0000108f       0x22 Device_Startup/startup_sam3xa.o
 .debug_macro   0x000010b1       0xc3 Device_Startup/startup_sam3xa.o
 .debug_macro   0x00001174      0xe49 Device_Startup/startup_sam3xa.o
 .debug_macro   0x00001fbd      0x11f Device_Startup/startup_sam3xa.o
 .debug_macro   0x000020dc      0xa7d Device_Startup/startup_sam3xa.o
 .debug_macro   0x00002b59      0x55a Device_Startup/startup_sam3xa.o
 .debug_macro   0x000030b3      0x1a8 Device_Startup/startup_sam3xa.o
 .debug_macro   0x0000325b      0x30b Device_Startup/startup_sam3xa.o
 .debug_macro   0x00003566      0x709 Device_Startup/startup_sam3xa.o
 .debug_macro   0x00003c6f       0xd6 Device_Startup/startup_sam3xa.o
 .debug_macro   0x00003d45      0x56c Device_Startup/startup_sam3xa.o
 .debug_macro   0x000042b1       0x1c Device_Startup/startup_sam3xa.o
 .debug_macro   0x000042cd      0x678 Device_Startup/startup_sam3xa.o
 .debug_macro   0x00004945      0x51e Device_Startup/startup_sam3xa.o
 .debug_macro   0x00004e63       0xbe Device_Startup/startup_sam3xa.o
 .debug_macro   0x00004f21     0x2333 Device_Startup/startup_sam3xa.o
 .debug_macro   0x00007254      0x7d1 Device_Startup/startup_sam3xa.o
 .debug_macro   0x00007a25      0xdbb Device_Startup/startup_sam3xa.o
 .debug_macro   0x000087e0       0x9a Device_Startup/startup_sam3xa.o
 .debug_macro   0x0000887a      0x29c Device_Startup/startup_sam3xa.o
 .debug_macro   0x00008b16       0x58 Device_Startup/startup_sam3xa.o
 .debug_macro   0x00008b6e      0x999 Device_Startup/startup_sam3xa.o
 .debug_macro   0x00009507      0x22d Device_Startup/startup_sam3xa.o
 .debug_macro   0x00009734      0x4b4 Device_Startup/startup_sam3xa.o
 .debug_macro   0x00009be8      0x64a Device_Startup/startup_sam3xa.o
 .debug_macro   0x0000a232      0x590 Device_Startup/startup_sam3xa.o
 .debug_macro   0x0000a7c2       0x46 Device_Startup/startup_sam3xa.o
 .debug_macro   0x0000a808      0x33f Device_Startup/startup_sam3xa.o
 .debug_macro   0x0000ab47      0x27e Device_Startup/startup_sam3xa.o
 .debug_macro   0x0000adc5     0x14dc Device_Startup/startup_sam3xa.o
 .debug_macro   0x0000c2a1      0x7cf Device_Startup/startup_sam3xa.o
 .debug_macro   0x0000ca70       0x76 Device_Startup/startup_sam3xa.o
 .debug_macro   0x0000cae6       0x82 Device_Startup/startup_sam3xa.o
 .debug_macro   0x0000cb68       0x76 Device_Startup/startup_sam3xa.o
 .debug_macro   0x0000cbde       0x4c Device_Startup/startup_sam3xa.o
 .debug_macro   0x0000cc2a      0x100 Device_Startup/startup_sam3xa.o
 .debug_macro   0x0000cd2a      0x100 Device_Startup/startup_sam3xa.o
 .debug_macro   0x0000ce2a      0x100 Device_Startup/startup_sam3xa.o
 .debug_macro   0x0000cf2a       0x88 Device_Startup/startup_sam3xa.o
 .debug_macro   0x0000cfb2       0x88 Device_Startup/startup_sam3xa.o
 .debug_macro   0x0000d03a      0x3b4 Device_Startup/startup_sam3xa.o
 .debug_macro   0x0000d3ee       0xbe Device_Startup/startup_sam3xa.o
 .debug_macro   0x0000d4ac       0xbe Device_Startup/startup_sam3xa.o
 .debug_macro   0x0000d56a       0xbe Device_Startup/startup_sam3xa.o
 .debug_macro   0x0000d628       0xbe Device_Startup/startup_sam3xa.o
 .debug_macro   0x0000d6e6      0x2b8 Device_Startup/startup_sam3xa.o
 .debug_macro   0x0000d99e      0x118 Device_Startup/startup_sam3xa.o
 .debug_macro   0x0000dab6      0x216 Device_Startup/startup_sam3xa.o
 .debug_macro   0x0000dccc      0x216 Device_Startup/startup_sam3xa.o
 .debug_macro   0x0000dee2       0x2e Device_Startup/startup_sam3xa.o
 .debug_macro   0x0000df10       0xac Device_Startup/startup_sam3xa.o
 .debug_macro   0x0000dfbc      0x13e Device_Startup/startup_sam3xa.o
 .debug_macro   0x0000e0fa       0x7c Device_Startup/startup_sam3xa.o
 .debug_macro   0x0000e176      0x1f6 Device_Startup/startup_sam3xa.o
 .debug_macro   0x0000e36c       0x64 Device_Startup/startup_sam3xa.o
 .debug_macro   0x0000e3d0       0xa6 Device_Startup/startup_sam3xa.o
 .debug_macro   0x0000e476       0x7c Device_Startup/startup_sam3xa.o
 .debug_macro   0x0000e4f2       0x16 Device_Startup/startup_sam3xa.o
 .debug_macro   0x0000e508       0x22 Device_Startup/startup_sam3xa.o
 .debug_macro   0x0000e52a       0x22 Device_Startup/startup_sam3xa.o
 .debug_macro   0x0000e54c      0x10c Device_Startup/startup_sam3xa.o
 .debug_macro   0x0000e658      0x10c Device_Startup/startup_sam3xa.o
 .debug_macro   0x0000e764      0x10c Device_Startup/startup_sam3xa.o
 .debug_macro   0x0000e870      0x10c Device_Startup/startup_sam3xa.o
 .debug_macro   0x0000e97c       0x1c Device_Startup/startup_sam3xa.o
 .debug_macro   0x0000e998       0x2e Device_Startup/startup_sam3xa.o
 .debug_macro   0x0000e9c6       0x22 Device_Startup/startup_sam3xa.o
 .debug_macro   0x0000e9e8       0x1c Device_Startup/startup_sam3xa.o
 .debug_macro   0x0000ea04       0x58 Device_Startup/startup_sam3xa.o
 .debug_macro   0x0000ea5c       0x10 Device_Startup/startup_sam3xa.o
 .debug_macro   0x0000ea6c      0x27a Device_Startup/startup_sam3xa.o
 .debug_macro   0x0000ece6      0xd34 Device_Startup/startup_sam3xa.o
 .debug_macro   0x0000fa1a      0x170 Device_Startup/startup_sam3xa.o
 .debug_macro   0x0000fb8a      0x383 Device_Startup/system_sam3xa.o
 .debug_macro   0x0000ff0d      0x385 lib/can/can_controller.o
 .debug_macro   0x00010292       0x26 lib/can/can_controller.o
 .debug_macro   0x000102b8      0x4dc lib/can/can_interrupt.o
 .debug_macro   0x00010794       0x52 lib/can/can_interrupt.o
 .debug_macro   0x000107e6       0x8d lib/can/can_interrupt.o
 .debug_macro   0x00010873       0x35 lib/can/can_interrupt.o
 .debug_macro   0x000108a8       0x9c lib/can/can_interrupt.o
 .debug_macro   0x00010944       0x16 lib/can/can_interrupt.o
 .debug_macro   0x0001095a       0x57 lib/can/can_interrupt.o
 .debug_macro   0x000109b1       0x97 lib/can/can_interrupt.o
 .debug_macro   0x00010a48      0x353 lib/can/can_interrupt.o
 .debug_macro   0x00010d9b       0xf6 lib/can/can_interrupt.o
 .debug_macro   0x00010e91       0x10 lib/can/can_interrupt.o
 .debug_macro   0x00010ea1       0x58 lib/can/can_interrupt.o
 .debug_macro   0x00010ef9       0x1f lib/can/can_interrupt.o
 .debug_macro   0x00010f18       0x43 lib/can/can_interrupt.o
 .debug_macro   0x00010f5b       0x20 lib/can/can_interrupt.o
 .debug_macro   0x00010f7b      0x187 lib/can/can_interrupt.o
 .debug_macro   0x00011102       0x10 lib/can/can_interrupt.o
 .debug_macro   0x00011112       0x1c lib/can/can_interrupt.o
 .debug_macro   0x0001112e       0x52 lib/can/can_interrupt.o
 .debug_macro   0x00011180       0x40 lib/can/can_interrupt.o
 .debug_macro   0x000111c0       0x10 lib/can/can_interrupt.o
 .debug_macro   0x000111d0       0x40 lib/can/can_interrupt.o
 .debug_macro   0x00011210       0xd7 lib/can/can_interrupt.o
 .debug_macro   0x000112e7       0x16 lib/can/can_interrupt.o
 .debug_macro   0x000112fd      0x18b lib/can/can_interrupt.o
 .debug_macro   0x00011488       0xbd lib/can/can_interrupt.o
 .debug_macro   0x00011545       0x10 lib/can/can_interrupt.o
 .debug_macro   0x00011555       0x8e lib/urat/printf-stdarg.o
 .debug_macro   0x000115e3       0x58 lib/urat/printf-stdarg.o
 .debug_macro   0x0001163b      0x374 lib/urat/uart.o
 .debug_macro   0x000119af       0x10 lib/urat/uart.o
 .debug_macro   0x000119bf      0x380 src/pwm.o
 .debug_macro   0x00011d3f       0x2e src/pwm.o
 .debug_macro   0x00011d6d      0x390 src/main.o
 .debug_macro   0x000120fd       0x16 src/main.o
 .debug_macro   0x00012113       0x34 src/main.o
 .debug_macro   0x00012147      0x389 src/servo.o
 .debug_macro   0x000124d0       0x10 src/servo.o
 .debug_macro   0x000124e0      0x4fc src/time.o
 .debug_macro   0x000129dc       0x16 src/time.o
 .debug_macro   0x000129f2       0x35 src/time.o
 .debug_macro   0x00012a27       0x16 src/time.o
 .debug_macro   0x00012a3d       0x29 src/time.o
 .debug_macro   0x00012a66      0x503 src/uart_int.o
 .debug_macro   0x00012f69       0x16 src/uart_int.o
 .debug_macro   0x00012f7f       0x10 src/uart_int.o
 .debug_macro   0x00012f8f       0x10 src/uart_int.o
 .debug_macro   0x00012f9f       0x35 src/uart_int.o
 .debug_macro   0x00012fd4      0x122 src/uart_int.o

.debug_line     0x00000000     0x5368
 .debug_line    0x00000000      0x728 Device_Startup/startup_sam3xa.o
 .debug_line    0x00000728      0x785 Device_Startup/system_sam3xa.o
 .debug_line    0x00000ead      0x7f9 lib/can/can_controller.o
 .debug_line    0x000016a6      0x898 lib/can/can_interrupt.o
 .debug_line    0x00001f3e      0x3d2 lib/urat/printf-stdarg.o
 .debug_line    0x00002310      0x770 lib/urat/uart.o
 .debug_line    0x00002a80      0x70f src/pwm.o
 .debug_line    0x0000318f      0x75e src/main.o
 .debug_line    0x000038ed      0x739 src/servo.o
 .debug_line    0x00004026      0x996 src/time.o
 .debug_line    0x000049bc      0x9ac src/uart_int.o

.debug_str      0x00000000    0x55c4b
 .debug_str     0x00000000    0x5030b Device_Startup/startup_sam3xa.o
                              0x504cd (size before relaxing)
 .debug_str     0x0005030b      0x2c7 Device_Startup/system_sam3xa.o
                              0x50260 (size before relaxing)
 .debug_str     0x000505d2      0x603 lib/can/can_controller.o
                              0x5070f (size before relaxing)
 .debug_str     0x00050bd5     0x40a7 lib/can/can_interrupt.o
                              0x54521 (size before relaxing)
 .debug_str     0x00054c7c      0x1a2 lib/urat/printf-stdarg.o
                               0x365a (size before relaxing)
 .debug_str     0x00054e1e      0x119 lib/urat/uart.o
                              0x506b1 (size before relaxing)
 .debug_str     0x00054f37      0x270 src/pwm.o
                              0x504e9 (size before relaxing)
 .debug_str     0x000551a7      0x126 src/main.o
                              0x501e7 (size before relaxing)
 .debug_str     0x000552cd       0x75 src/servo.o
                              0x502e8 (size before relaxing)
 .debug_str     0x00055342      0x1f9 src/time.o
                              0x546c0 (size before relaxing)
 .debug_str     0x0005553b      0x710 src/uart_int.o
                              0x54e84 (size before relaxing)

.debug_frame    0x00000000      0x864
 .debug_frame   0x00000000       0x38 Device_Startup/startup_sam3xa.o
 .debug_frame   0x00000038       0x40 Device_Startup/system_sam3xa.o
 .debug_frame   0x00000078       0x80 lib/can/can_controller.o
 .debug_frame   0x000000f8       0x30 lib/can/can_interrupt.o
 .debug_frame   0x00000128      0x124 lib/urat/printf-stdarg.o
 .debug_frame   0x0000024c       0x58 lib/urat/uart.o
 .debug_frame   0x000002a4       0x20 src/pwm.o
 .debug_frame   0x000002c4       0x28 src/main.o
 .debug_frame   0x000002ec       0x4c src/servo.o
 .debug_frame   0x00000338      0x214 src/time.o
 .debug_frame   0x0000054c      0x158 src/uart_int.o
 .debug_frame   0x000006a4       0x2c c:/program files (x86)/atmel/studio/7.0/toolchain/arm/arm-gnu-toolchain/bin/../lib/gcc/arm-none-eabi/6.3.1/../../../../arm-none-eabi/lib/thumb/v7-m\libc.a(lib_a-init.o)
 .debug_frame   0x000006d0       0x5c c:/program files (x86)/atmel/studio/7.0/toolchain/arm/arm-gnu-toolchain/bin/../lib/gcc/arm-none-eabi/6.3.1/../../../../arm-none-eabi/lib/thumb/v7-m\libc.a(lib_a-__call_atexit.o)
 .debug_frame   0x0000072c       0x20 c:/program files (x86)/atmel/studio/7.0/toolchain/arm/arm-gnu-toolchain/bin/../lib/gcc/arm-none-eabi/6.3.1/../../../../arm-none-eabi/lib/thumb/v7-m\libc.a(lib_a-atexit.o)
 .debug_frame   0x0000074c       0x34 c:/program files (x86)/atmel/studio/7.0/toolchain/arm/arm-gnu-toolchain/bin/../lib/gcc/arm-none-eabi/6.3.1/../../../../arm-none-eabi/lib/thumb/v7-m\libc.a(lib_a-fini.o)
 .debug_frame   0x00000780       0xb0 c:/program files (x86)/atmel/studio/7.0/toolchain/arm/arm-gnu-toolchain/bin/../lib/gcc/arm-none-eabi/6.3.1/../../../../arm-none-eabi/lib/thumb/v7-m\libc.a(lib_a-lock.o)
 .debug_frame   0x00000830       0x34 c:/program files (x86)/atmel/studio/7.0/toolchain/arm/arm-gnu-toolchain/bin/../lib/gcc/arm-none-eabi/6.3.1/../../../../arm-none-eabi/lib/thumb/v7-m\libc.a(lib_a-__atexit.o)
