Archive member included to satisfy reference by file (symbol)

c:/program files (x86)/atmel/studio/7.0/toolchain/arm/arm-gnu-toolchain/bin/../lib/gcc/arm-none-eabi/6.3.1/thumb/v7-m\libgcc.a(_arm_addsubdf3.o)
                              src/motor.o (__aeabi_dadd)
c:/program files (x86)/atmel/studio/7.0/toolchain/arm/arm-gnu-toolchain/bin/../lib/gcc/arm-none-eabi/6.3.1/thumb/v7-m\libgcc.a(_arm_muldivdf3.o)
                              src/motor.o (__aeabi_dmul)
c:/program files (x86)/atmel/studio/7.0/toolchain/arm/arm-gnu-toolchain/bin/../lib/gcc/arm-none-eabi/6.3.1/thumb/v7-m\libgcc.a(_arm_cmpdf2.o)
                              src/motor.o (__aeabi_dcmplt)
c:/program files (x86)/atmel/studio/7.0/toolchain/arm/arm-gnu-toolchain/bin/../lib/gcc/arm-none-eabi/6.3.1/thumb/v7-m\libgcc.a(_arm_fixdfsi.o)
                              src/motor.o (__aeabi_d2iz)
c:/program files (x86)/atmel/studio/7.0/toolchain/arm/arm-gnu-toolchain/bin/../lib/gcc/arm-none-eabi/6.3.1/thumb/v7-m\libgcc.a(_arm_fixunsdfsi.o)
                              src/motor.o (__aeabi_d2uiz)
c:/program files (x86)/atmel/studio/7.0/toolchain/arm/arm-gnu-toolchain/bin/../lib/gcc/arm-none-eabi/6.3.1/thumb/v7-m\libgcc.a(_arm_truncdfsf2.o)
                              src/time.o (__aeabi_d2f)
c:/program files (x86)/atmel/studio/7.0/toolchain/arm/arm-gnu-toolchain/bin/../lib/gcc/arm-none-eabi/6.3.1/thumb/v7-m\libgcc.a(_aeabi_ldivmod.o)
                              src/motor.o (__aeabi_ldivmod)
c:/program files (x86)/atmel/studio/7.0/toolchain/arm/arm-gnu-toolchain/bin/../lib/gcc/arm-none-eabi/6.3.1/thumb/v7-m\libgcc.a(_aeabi_uldivmod.o)
                              src/time.o (__aeabi_uldivmod)
c:/program files (x86)/atmel/studio/7.0/toolchain/arm/arm-gnu-toolchain/bin/../lib/gcc/arm-none-eabi/6.3.1/thumb/v7-m\libgcc.a(_udivmoddi4.o)
                              c:/program files (x86)/atmel/studio/7.0/toolchain/arm/arm-gnu-toolchain/bin/../lib/gcc/arm-none-eabi/6.3.1/thumb/v7-m\libgcc.a(_aeabi_ldivmod.o) (__udivmoddi4)
c:/program files (x86)/atmel/studio/7.0/toolchain/arm/arm-gnu-toolchain/bin/../lib/gcc/arm-none-eabi/6.3.1/thumb/v7-m\libgcc.a(_dvmd_tls.o)
                              c:/program files (x86)/atmel/studio/7.0/toolchain/arm/arm-gnu-toolchain/bin/../lib/gcc/arm-none-eabi/6.3.1/thumb/v7-m\libgcc.a(_aeabi_ldivmod.o) (__aeabi_ldiv0)
c:/program files (x86)/atmel/studio/7.0/toolchain/arm/arm-gnu-toolchain/bin/../lib/gcc/arm-none-eabi/6.3.1/../../../../arm-none-eabi/lib/thumb/v7-m\libc.a(lib_a-exit.o)
                              c:/program files (x86)/atmel/studio/7.0/toolchain/arm/arm-gnu-toolchain/bin/../lib/gcc/arm-none-eabi/6.3.1/../../../../arm-none-eabi/lib/thumb/v7-m/crt0.o (exit)
c:/program files (x86)/atmel/studio/7.0/toolchain/arm/arm-gnu-toolchain/bin/../lib/gcc/arm-none-eabi/6.3.1/../../../../arm-none-eabi/lib/thumb/v7-m\libc.a(lib_a-impure.o)
                              c:/program files (x86)/atmel/studio/7.0/toolchain/arm/arm-gnu-toolchain/bin/../lib/gcc/arm-none-eabi/6.3.1/../../../../arm-none-eabi/lib/thumb/v7-m\libc.a(lib_a-exit.o) (_global_impure_ptr)
c:/program files (x86)/atmel/studio/7.0/toolchain/arm/arm-gnu-toolchain/bin/../lib/gcc/arm-none-eabi/6.3.1/../../../../arm-none-eabi/lib/thumb/v7-m\libc.a(lib_a-init.o)
                              c:/program files (x86)/atmel/studio/7.0/toolchain/arm/arm-gnu-toolchain/bin/../lib/gcc/arm-none-eabi/6.3.1/../../../../arm-none-eabi/lib/thumb/v7-m/crt0.o (__libc_init_array)
c:/program files (x86)/atmel/studio/7.0/toolchain/arm/arm-gnu-toolchain/bin/../lib/gcc/arm-none-eabi/6.3.1/../../../../arm-none-eabi/lib/thumb/v7-m\libc.a(lib_a-memset.o)
                              c:/program files (x86)/atmel/studio/7.0/toolchain/arm/arm-gnu-toolchain/bin/../lib/gcc/arm-none-eabi/6.3.1/../../../../arm-none-eabi/lib/thumb/v7-m/crt0.o (memset)
c:/program files (x86)/atmel/studio/7.0/toolchain/arm/arm-gnu-toolchain/bin/../lib/gcc/arm-none-eabi/6.3.1/../../../../arm-none-eabi/lib/thumb/v7-m\libc.a(lib_a-puts.o)
                              src/can.o (puts)
c:/program files (x86)/atmel/studio/7.0/toolchain/arm/arm-gnu-toolchain/bin/../lib/gcc/arm-none-eabi/6.3.1/../../../../arm-none-eabi/lib/thumb/v7-m\libc.a(lib_a-strlen-stub.o)
                              c:/program files (x86)/atmel/studio/7.0/toolchain/arm/arm-gnu-toolchain/bin/../lib/gcc/arm-none-eabi/6.3.1/../../../../arm-none-eabi/lib/thumb/v7-m\libc.a(lib_a-puts.o) (strlen)
c:/program files (x86)/atmel/studio/7.0/toolchain/arm/arm-gnu-toolchain/bin/../lib/gcc/arm-none-eabi/6.3.1/../../../../arm-none-eabi/lib/thumb/v7-m\libc.a(lib_a-__call_atexit.o)
                              c:/program files (x86)/atmel/studio/7.0/toolchain/arm/arm-gnu-toolchain/bin/../lib/gcc/arm-none-eabi/6.3.1/../../../../arm-none-eabi/lib/thumb/v7-m\libc.a(lib_a-exit.o) (__call_exitprocs)
[...]
Memory Configuration

Name             Origin             Length             Attributes
rom              0x00080000         0x00080000         xr
ram              0x20000000         0x00018000         xrw
*default*        0x00000000         0xffffffff

Linker script and memory map

LOAD c:/program files (x86)/atmel/studio/7.0/toolchain/arm/arm-gnu-toolchain/bin/../lib/gcc/arm-none-eabi/6.3.1/thumb/v7-m/crti.o
LOAD c:/program files (x86)/atmel/studio/7.0/toolchain/arm/arm-gnu-toolchain/bin/../lib/gcc/arm-none-eabi/6.3.1/thumb/v7-m/crtbegin.o
LOAD c:/program files (x86)/atmel/studio/7.0/toolchain/arm/arm-gnu-toolchain/bin/../lib/gcc/arm-none-eabi/6.3.1/../../../../arm-none-eabi/lib/thumb/v7-m/crt0.o
LOAD Device_Startup/startup_sam3xa.o
LOAD Device_Startup/system_sam3xa.o
LOAD lib/can/can_controller.o
LOAD lib/can/can_interrupt.o
LOAD lib/urat/printf-stdarg.o
LOAD lib/urat/uart.o
LOAD src/can.o
LOAD src/driver_IR.o
LOAD src/encoder.o
LOAD src/game.o
LOAD src/init.o
LOAD src/motor.o
LOAD src/MultiBoard.o
LOAD src/pwm.o
LOAD src/main.o
LOAD src/score.o
LOAD src/servo.o
LOAD src/time.o
LOAD src/uart_int.o
START GROUP
END GROUP
START GROUP
LOAD c:/program files (x86)/atmel/studio/7.0/toolchain/arm/arm-gnu-toolchain/bin/../lib/gcc/arm-none-eabi/6.3.1/thumb/v7-m\libgcc.a
LOAD c:/program files (x86)/atmel/studio/7.0/toolchain/arm/arm-gnu-toolchain/bin/../lib/gcc/arm-none-eabi/6.3.1/../../../../arm-none-eabi/lib/thumb/v7-m\libc.a
END GROUP
LOAD c:/program files (x86)/atmel/studio/7.0/toolchain/arm/arm-gnu-toolchain/bin/../lib/gcc/arm-none-eabi/6.3.1/thumb/v7-m/crtend.o
LOAD c:/program files (x86)/atmel/studio/7.0/toolchain/arm/arm-gnu-toolchain/bin/../lib/gcc/arm-none-eabi/6.3.1/thumb/v7-m/crtn.o
                0x00000400                STACK_SIZE = DEFINED (STACK_SIZE)?STACK_SIZE:0x400
                0x00000200                HEAP_SIZE = DEFINED (HEAP_SIZE)?HEAP_SIZE:0x200

.text           0x00080000     0x21e8
                0x00080000                . = ALIGN (0x4)
                0x00080000                _sfixed = .
 *(.vectors .vectors.*)
 .vectors       0x00080000       0xf4 Device_Startup/startup_sam3xa.o
                0x00080000                exception_table
 *(.text .text.* .gnu.linkonce.t.*)
 .text          0x000800f4       0x6c c:/program files (x86)/atmel/studio/7.0/toolchain/arm/arm-gnu-toolchain/bin/../lib/gcc/arm-none-eabi/6.3.1/thumb/v7-m/crtbegin.o
 .text.Dummy_Handler
                0x00080160        0x2 Device_Startup/startup_sam3xa.o
                0x00080160                DACC_Handler
                0x00080160                DebugMon_Handler
                0x00080160                DMAC_Handler
                0x00080160                TRNG_Handler
                0x00080160                HardFault_Handler
                0x00080160                TC2_Handler
                0x00080160                USART3_Handler
                0x00080160                TWI1_Handler
                0x00080160                PendSV_Handler
                0x00080160                NMI_Handler
                0x00080160                TC7_Handler
                0x00080160                ADC_Handler
                0x00080160                SMC_Handler
                0x00080160                USART0_Handler
                0x00080160                RTT_Handler
                0x00080160                EFC1_Handler
                0x00080160                PIOB_Handler
                0x00080160                RTC_Handler
                0x00080160                UsageFault_Handler
                0x00080160                TC6_Handler
                0x00080160                WDT_Handler
                0x00080160                TC4_Handler
                0x00080160                TC1_Handler
                0x00080160                HSMCI_Handler
                0x00080160                TC3_Handler
                0x00080160                Dummy_Handler
                0x00080160                TWI0_Handler
                0x00080160                USART1_Handler
                0x00080160                PIOA_Handler
                0x00080160                SSC_Handler
                0x00080160                EFC0_Handler
                0x00080160                PMC_Handler
                0x00080160                PWM_Handler
                0x00080160                CAN1_Handler
                0x00080160                MemManage_Handler
                0x00080160                SUPC_Handler
                0x00080160                SVC_Handler
                0x00080160                TC8_Handler
                0x00080160                USART2_Handler
                0x00080160                PIOD_Handler
                0x00080160                EMAC_Handler
                0x00080160                PIOC_Handler
                0x00080160                BusFault_Handler
                0x00080160                RSTC_Handler
                0x00080160                TC0_Handler
                0x00080160                TC5_Handler
                0x00080160                UOTGHS_Handler
                0x00080160                SPI0_Handler
 *fill*         0x00080162        0x2 
 .text.Reset_Handler
                0x00080164       0x68 Device_Startup/startup_sam3xa.o
                0x00080164                Reset_Handler
 .text.SystemInit
                0x000801cc       0x80 Device_Startup/system_sam3xa.o
                0x000801cc                SystemInit
 .text.can_init_controller
                0x0008024c       0xfc lib/can/can_controller.o
                0x0008024c                can_init_controller
 .text.can_init_def_tx_rx_mb
                0x00080348        0xc lib/can/can_controller.o
                0x00080348                can_init_def_tx_rx_mb
 .text.can_send
                0x00080354       0x60 lib/can/can_controller.o
                0x00080354                can_send
 .text.can_receive
                0x000803b4       0x74 lib/can/can_controller.o
                0x000803b4                can_receive
 .text.CAN0_Handler
                0x00080428       0x74 lib/can/can_interrupt.o
                0x00080428                CAN0_Handler
 .text.prints.isra.1
                0x0008049c       0x8c lib/urat/printf-stdarg.o
 .text.printi.isra.2
                0x00080528       0x94 lib/urat/printf-stdarg.o
 .text.print    0x000805bc      0x110 lib/urat/printf-stdarg.o
 .text.printf   0x000806cc       0x20 lib/urat/printf-stdarg.o
                0x000806cc                printf
 .text.uart_putchar
                0x000806ec       0x1c lib/urat/uart.o
                0x000806ec                uart_putchar
 .text.UART_Handler
                0x00080708       0x50 lib/urat/uart.o
                0x00080708                UART_Handler
 .text.IR_Init  0x00080758       0x50 src/driver_IR.o
                0x00080758                IR_Init
 .text.IR_Handler
                0x000807a8       0x3c src/driver_IR.o
                0x000807a8                IR_Handler
 .text.encoder_init
                0x000807e4       0x2c src/encoder.o
                0x000807e4                encoder_init
 .text.read_encoder_position
                0x00080810        0xc src/encoder.o
                0x00080810                read_encoder_position
 .text.set_difficulty.part.0
                0x0008081c       0x28 src/game.o
 .text.set_difficulty
                0x00080844       0x58 src/game.o
 .text.game_Init
                0x0008089c       0x14 src/game.o
                0x0008089c                game_Init
 .text.update_game_status_from_can
                0x000808b0       0x4c src/game.o
                0x000808b0                update_game_status_from_can
 .text.run_game
                0x000808fc       0x20 src/game.o
                0x000808fc                run_game
 .text.start_game
                0x0008091c       0xb0 src/game.o
                0x0008091c                start_game
 .text.checkExternalValues_toScreen
                0x000809cc      0x1d8 src/init.o
                0x000809cc                checkExternalValues_toScreen
 .text.init     0x00080ba4       0x78 src/init.o
                0x00080ba4                init
 .text.motor_init
                0x00080c1c       0x18 src/motor.o
                0x00080c1c                motor_init
 *fill*         0x00080c34        0x4 
 .text.normalize_pos_encoder
                0x00080c38       0x8c src/motor.o
                0x00080c38                normalize_pos_encoder
 *fill*         0x00080cc4        0x4 
 .text.normalize_pos_ref
                0x00080cc8       0x64 src/motor.o
                0x00080cc8                normalize_pos_ref
 .text.motor_control_PID
                0x00080d2c       0xa8 src/motor.o
                0x00080d2c                motor_control_PID
 .text.reset_pid
                0x00080dd4       0x4c src/motor.o
                0x00080dd4                reset_pid
 .text.MultiBoard_Init
                0x00080e20       0x16 src/MultiBoard.o
                0x00080e20                MultiBoard_Init
 *fill*         0x00080e36        0x2 
 .text.update_board_from_can
                0x00080e38       0x98 src/MultiBoard.o
                0x00080e38                update_board_from_can
 .text.pwm_init
                0x00080ed0       0x80 src/pwm.o
                0x00080ed0                pwm_init
 .text.startup.main
                0x00080f50       0x2c src/main.o
                0x00080f50                main
 .text.servo_init
                0x00080f7c       0x24 src/servo.o
                0x00080f7c                servo_init
 .text.servo_set_position_joy
                0x00080fa0      0x11c src/servo.o
                0x00080fa0                servo_set_position_joy
 .text.startup.time_init
                0x000810bc       0x34 src/time.o
                0x000810bc                time_init
 .text.SysTick_Handler
                0x000810f0       0x20 src/time.o
                0x000810f0                SysTick_Handler
 .text.uart_init
                0x00081110       0x60 src/uart_int.o
                0x00081110                uart_init
 .text          0x00081170      0x370 c:/program files (x86)/atmel/studio/7.0/toolchain/arm/arm-gnu-toolchain/bin/../lib/gcc/arm-none-eabi/6.3.1/thumb/v7-m\libgcc.a(_arm_addsubdf3.o)
                0x00081170                __aeabi_drsub
                0x00081178                __aeabi_dsub
                0x00081178                __subdf3
                0x0008117c                __aeabi_dadd
                0x0008117c                __adddf3
                0x000813f4                __floatunsidf
                0x000813f4                __aeabi_ui2d
                0x00081414                __floatsidf
                0x00081414                __aeabi_i2d
                0x00081438                __aeabi_f2d
                0x00081438                __extendsfdf2
                0x00081474                __floatundidf
                0x00081474                __aeabi_ul2d
                0x00081484                __floatdidf
                0x00081484                __aeabi_l2d
 .text          0x000814e0      0x424 c:/program files (x86)/atmel/studio/7.0/toolchain/arm/arm-gnu-toolchain/bin/../lib/gcc/arm-none-eabi/6.3.1/thumb/v7-m\libgcc.a(_arm_muldivdf3.o)
                0x000814e0                __aeabi_dmul
                0x000814e0                __muldf3
                0x00081734                __divdf3
                0x00081734                __aeabi_ddiv
 .text          0x00081904      0x110 c:/program files (x86)/atmel/studio/7.0/toolchain/arm/arm-gnu-toolchain/bin/../lib/gcc/arm-none-eabi/6.3.1/thumb/v7-m\libgcc.a(_arm_cmpdf2.o)
                0x00081904                __gtdf2
                0x00081904                __gedf2
                0x0008190c                __ltdf2
                0x0008190c                __ledf2
                0x00081914                __nedf2
                0x00081914                __eqdf2
                0x00081914                __cmpdf2
                0x00081990                __aeabi_cdrcmple
                0x000819a0                __aeabi_cdcmpeq
                0x000819a0                __aeabi_cdcmple
                0x000819b0                __aeabi_dcmpeq
                0x000819c4                __aeabi_dcmplt
                0x000819d8                __aeabi_dcmple
                0x000819ec                __aeabi_dcmpge
                0x00081a00                __aeabi_dcmpgt
 .text          0x00081a14       0x50 c:/program files (x86)/atmel/studio/7.0/toolchain/arm/arm-gnu-toolchain/bin/../lib/gcc/arm-none-eabi/6.3.1/thumb/v7-m\libgcc.a(_arm_fixdfsi.o)
                0x00081a14                __aeabi_d2iz
                0x00081a14                __fixdfsi
 .text          0x00081a64       0x40 c:/program files (x86)/atmel/studio/7.0/toolchain/arm/arm-gnu-toolchain/bin/../lib/gcc/arm-none-eabi/6.3.1/thumb/v7-m\libgcc.a(_arm_fixunsdfsi.o)
                0x00081a64                __aeabi_d2uiz
                0x00081a64                __fixunsdfsi
 .text          0x00081aa4       0xa0 c:/program files (x86)/atmel/studio/7.0/toolchain/arm/arm-gnu-toolchain/bin/../lib/gcc/arm-none-eabi/6.3.1/thumb/v7-m\libgcc.a(_aeabi_ldivmod.o)
                0x00081aa4                __aeabi_ldivmod
 .text          0x00081b44      0x2dc c:/program files (x86)/atmel/studio/7.0/toolchain/arm/arm-gnu-toolchain/bin/../lib/gcc/arm-none-eabi/6.3.1/thumb/v7-m\libgcc.a(_udivmoddi4.o)
                0x00081b44                __udivmoddi4
 .text          0x00081e20        0x4 c:/program files (x86)/atmel/studio/7.0/toolchain/arm/arm-gnu-toolchain/bin/../lib/gcc/arm-none-eabi/6.3.1/thumb/v7-m\libgcc.a(_dvmd_tls.o)
                0x00081e20                __aeabi_idiv0
                0x00081e20                __aeabi_ldiv0
 .text.__libc_init_array
                0x00081e24       0x50 c:/program files (x86)/atmel/studio/7.0/toolchain/arm/arm-gnu-toolchain/bin/../lib/gcc/arm-none-eabi/6.3.1/../../../../arm-none-eabi/lib/thumb/v7-m\libc.a(lib_a-init.o)
                0x00081e24                __libc_init_array
 .text.startup.register_fini
                0x00081e74       0x14 c:/program files (x86)/atmel/studio/7.0/toolchain/arm/arm-gnu-toolchain/bin/../lib/gcc/arm-none-eabi/6.3.1/../../../../arm-none-eabi/lib/thumb/v7-m\libc.a(lib_a-__call_atexit.o)
 .text.atexit   0x00081e88        0xc c:/program files (x86)/atmel/studio/7.0/toolchain/arm/arm-gnu-toolchain/bin/../lib/gcc/arm-none-eabi/6.3.1/../../../../arm-none-eabi/lib/thumb/v7-m\libc.a(lib_a-atexit.o)
                0x00081e88                atexit
 .text.__libc_fini_array
                0x00081e94       0x34 c:/program files (x86)/atmel/studio/7.0/toolchain/arm/arm-gnu-toolchain/bin/../lib/gcc/arm-none-eabi/6.3.1/../../../../arm-none-eabi/lib/thumb/v7-m\libc.a(lib_a-fini.o)
                0x00081e94                __libc_fini_array
 .text.__retarget_lock_acquire_recursive
                0x00081ec8        0x4 c:/program files (x86)/atmel/studio/7.0/toolchain/arm/arm-gnu-toolchain/bin/../lib/gcc/arm-none-eabi/6.3.1/../../../../arm-none-eabi/lib/thumb/v7-m\libc.a(lib_a-lock.o)
                0x00081ec8                __retarget_lock_acquire_recursive
 .text.__retarget_lock_release_recursive
                0x00081ecc        0x4 c:/program files (x86)/atmel/studio/7.0/toolchain/arm/arm-gnu-toolchain/bin/../lib/gcc/arm-none-eabi/6.3.1/../../../../arm-none-eabi/lib/thumb/v7-m\libc.a(lib_a-lock.o)
                0x00081ecc                __retarget_lock_release_recursive
 .text.__register_exitproc
                0x00081ed0       0xc4 c:/program files (x86)/atmel/studio/7.0/toolchain/arm/arm-gnu-toolchain/bin/../lib/gcc/arm-none-eabi/6.3.1/../../../../arm-none-eabi/lib/thumb/v7-m\libc.a(lib_a-__atexit.o)
                0x00081ed0                __register_exitproc
 *(.glue_7t)
 .glue_7t       0x00081f94        0x0 linker stubs
 *(.glue_7)
 .glue_7        0x00081f94        0x0 linker stubs
 *(.rodata .rodata* .gnu.linkonce.r.*)
 .rodata.str1.1
                0x00081f94       0x2b lib/can/can_interrupt.o
 .rodata.str1.1
                0x00081fbf        0x7 lib/urat/printf-stdarg.o
 .rodata.str1.1
                0x00081fc6       0x1e lib/urat/uart.o
 .rodata.str1.1
                0x00081fe4       0x25 src/game.o
 .rodata.str1.1
                0x00082009      0x1b2 src/init.o
                                0x1fa (size before relaxing)
 *fill*         0x000821bb        0x1 
 .rodata._global_impure_ptr
                0x000821bc        0x4 c:/program files (x86)/atmel/studio/7.0/toolchain/arm/arm-gnu-toolchain/bin/../lib/gcc/arm-none-eabi/6.3.1/../../../../arm-none-eabi/lib/thumb/v7-m\libc.a(lib_a-impure.o)
                0x000821bc                _global_impure_ptr
 *(.ARM.extab* .gnu.linkonce.armextab.*)
                0x000821c0                . = ALIGN (0x4)
 *(.init)
 .init          0x000821c0        0x4 c:/program files (x86)/atmel/studio/7.0/toolchain/arm/arm-gnu-toolchain/bin/../lib/gcc/arm-none-eabi/6.3.1/thumb/v7-m/crti.o
                0x000821c0                _init
 .init          0x000821c4        0x8 c:/program files (x86)/atmel/studio/7.0/toolchain/arm/arm-gnu-toolchain/bin/../lib/gcc/arm-none-eabi/6.3.1/thumb/v7-m/crtn.o
                0x000821cc                . = ALIGN (0x4)
                0x000821cc                __preinit_array_start = .
 *(.preinit_array)
                0x000821cc                __preinit_array_end = .
                0x000821cc                . = ALIGN (0x4)
                0x000821cc                __init_array_start = .
 *(SORT(.init_array.*))
 .init_array.00000
                0x000821cc        0x4 c:/program files (x86)/atmel/studio/7.0/toolchain/arm/arm-gnu-toolchain/bin/../lib/gcc/arm-none-eabi/6.3.1/../../../../arm-none-eabi/lib/thumb/v7-m\libc.a(lib_a-__call_atexit.o)
 *(.init_array)
 .init_array    0x000821d0        0x4 c:/program files (x86)/atmel/studio/7.0/toolchain/arm/arm-gnu-toolchain/bin/../lib/gcc/arm-none-eabi/6.3.1/thumb/v7-m/crtbegin.o
 .init_array    0x000821d4        0x4 src/time.o
                0x000821d8                __init_array_end = .
                0x000821d8                . = ALIGN (0x4)
 *crtbegin.o(.ctors)
 *(EXCLUDE_FILE(*crtend.o) .ctors)
 *(SORT(.ctors.*))
 *crtend.o(.ctors)
                0x000821d8                . = ALIGN (0x4)
 *(.fini)
 .fini          0x000821d8        0x4 c:/program files (x86)/atmel/studio/7.0/toolchain/arm/arm-gnu-toolchain/bin/../lib/gcc/arm-none-eabi/6.3.1/thumb/v7-m/crti.o
                0x000821d8                _fini
 .fini          0x000821dc        0x8 c:/program files (x86)/atmel/studio/7.0/toolchain/arm/arm-gnu-toolchain/bin/../lib/gcc/arm-none-eabi/6.3.1/thumb/v7-m/crtn.o
                0x000821e4                . = ALIGN (0x4)
                0x000821e4                __fini_array_start = .
 *(.fini_array)
 .fini_array    0x000821e4        0x4 c:/program files (x86)/atmel/studio/7.0/toolchain/arm/arm-gnu-toolchain/bin/../lib/gcc/arm-none-eabi/6.3.1/thumb/v7-m/crtbegin.o
 *(SORT(.fini_array.*))
                0x000821e8                __fini_array_end = .
 *crtbegin.o(.dtors)
 *(EXCLUDE_FILE(*crtend.o) .dtors)
 *(SORT(.dtors.*))
 *crtend.o(.dtors)
                0x000821e8                . = ALIGN (0x4)
                0x000821e8                _efixed = .
                [!provide]                PROVIDE (__exidx_start, .)

.vfp11_veneer   0x000821e8        0x0
 .vfp11_veneer  0x000821e8        0x0 linker stubs

.v4_bx          0x000821e8        0x0
 .v4_bx         0x000821e8        0x0 linker stubs

.iplt           0x000821e8        0x0
 .iplt          0x000821e8        0x0 c:/program files (x86)/atmel/studio/7.0/toolchain/arm/arm-gnu-toolchain/bin/../lib/gcc/arm-none-eabi/6.3.1/thumb/v7-m/crtbegin.o

.ARM.exidx      0x000821e8        0x8
 *(.ARM.exidx* .gnu.linkonce.armexidx.*)
 .ARM.exidx     0x000821e8        0x8 c:/program files (x86)/atmel/studio/7.0/toolchain/arm/arm-gnu-toolchain/bin/../lib/gcc/arm-none-eabi/6.3.1/thumb/v7-m\libgcc.a(_udivmoddi4.o)
                [!provide]                PROVIDE (__exidx_end, .)

.eh_frame       0x000821f0        0x0
 .eh_frame      0x000821f0        0x0 c:/program files (x86)/atmel/studio/7.0/toolchain/arm/arm-gnu-toolchain/bin/../lib/gcc/arm-none-eabi/6.3.1/thumb/v7-m/crtbegin.o

.rel.dyn        0x000821f0        0x0
 .rel.iplt      0x000821f0        0x0 c:/program files (x86)/atmel/studio/7.0/toolchain/arm/arm-gnu-toolchain/bin/../lib/gcc/arm-none-eabi/6.3.1/thumb/v7-m/crtbegin.o

.jcr            0x000821f0        0x0
 .jcr           0x000821f0        0x0 c:/program files (x86)/atmel/studio/7.0/toolchain/arm/arm-gnu-toolchain/bin/../lib/gcc/arm-none-eabi/6.3.1/thumb/v7-m/crtbegin.o

.igot.plt       0x000821f0        0x0
 .igot.plt      0x000821f0        0x0 c:/program files (x86)/atmel/studio/7.0/toolchain/arm/arm-gnu-toolchain/bin/../lib/gcc/arm-none-eabi/6.3.1/thumb/v7-m/crtbegin.o
                0x000821f0                . = ALIGN (0x4)
                0x000821f0                _etext = .

.relocate       0x20000000      0x44c load address 0x000821f0
                0x20000000                . = ALIGN (0x4)
                0x20000000                _srelocate = .
 *(.ramfunc .ramfunc.*)
 *(.data .data.*)
 .data          0x20000000        0x4 Device_Startup/system_sam3xa.o
                0x20000000                SystemCoreClock
 *fill*         0x20000004        0x4 
 .data          0x20000008       0x18 src/motor.o
                0x20000008                Kd
                0x20000010                Ki
                0x20000018                Kp
 .data.impure_data
                0x20000020      0x428 c:/program files (x86)/atmel/studio/7.0/toolchain/arm/arm-gnu-toolchain/bin/../lib/gcc/arm-none-eabi/6.3.1/../../../../arm-none-eabi/lib/thumb/v7-m\libc.a(lib_a-impure.o)
 .data.__atexit_recursive_mutex
                0x20000448        0x4 c:/program files (x86)/atmel/studio/7.0/toolchain/arm/arm-gnu-toolchain/bin/../lib/gcc/arm-none-eabi/6.3.1/../../../../arm-none-eabi/lib/thumb/v7-m\libc.a(lib_a-__call_atexit.o)
                0x20000448                __atexit_recursive_mutex
                0x2000044c                . = ALIGN (0x4)
                0x2000044c                _erelocate = .

.bss            0x20000450       0xdc load address 0x00082640
                0x20000450                . = ALIGN (0x4)
                0x20000450                _sbss = .
                0x20000450                _szero = .
 *(.bss .bss.*)
 .bss           0x20000450       0x1c c:/program files (x86)/atmel/studio/7.0/toolchain/arm/arm-gnu-toolchain/bin/../lib/gcc/arm-none-eabi/6.3.1/thumb/v7-m/crtbegin.o
 .bss           0x2000046c        0x1 src/driver_IR.o
                0x2000046c                IR_l
 .bss           0x2000046d        0x2 src/game.o
 *fill*         0x2000046f        0x1 
 .bss           0x20000470       0x30 src/motor.o
                0x20000474                reset_PID_flag
                0x20000480                error
                0x20000488                integral
                0x20000490                derivat
                0x20000498                prev_error
 .bss           0x200004a0        0x8 src/time.o
 *(COMMON)
 COMMON         0x200004a8       0x16 lib/can/can_interrupt.o
                0x200004a8                board
                0x200004b8                main_game
 COMMON         0x200004be       0x42 lib/urat/uart.o
                0x200004be                rx_buffer
 COMMON         0x20000500        0x8 src/time.o
                0x20000500                calib
 COMMON         0x20000508       0x21 c:/program files (x86)/atmel/studio/7.0/toolchain/arm/arm-gnu-toolchain/bin/../lib/gcc/arm-none-eabi/6.3.1/../../../../arm-none-eabi/lib/thumb/v7-m\libc.a(lib_a-lock.o)
                0x20000508                __lock___atexit_recursive_mutex
                0x2000050c                __lock___arc4random_mutex
                0x20000510                __lock___env_recursive_mutex
                0x20000514                __lock___sinit_recursive_mutex
                0x20000518                __lock___malloc_recursive_mutex
                0x2000051c                __lock___at_quick_exit_mutex
                0x20000520                __lock___dd_hash_mutex
                0x20000524                __lock___tz_mutex
                0x20000528                __lock___sfp_recursive_mutex
                0x2000052c                . = ALIGN (0x4)
 *fill*         0x20000529        0x3 
                0x2000052c                _ebss = .
                0x2000052c                _ezero = .

.stack          0x2000052c      0x404 load address 0x0008271c
                0x20000530                . = ALIGN (0x8)
 *fill*         0x2000052c        0x4 
                0x20000530                _sstack = .
                0x20000930                . = (. + STACK_SIZE)
 *fill*         0x20000530      0x400 
                0x20000930                . = ALIGN (0x8)
                0x20000930                _estack = .

.heap           0x20000930      0x200 load address 0x00082b20
                0x20000930                . = ALIGN (0x8)
                0x20000930                _sheap = .
                0x20000b30                . = (. + HEAP_SIZE)
 *fill*         0x20000930      0x200 
                0x20000b30                . = ALIGN (0x8)
                0x20000b30                _eheap = .
                0x20000b30                . = ALIGN (0x4)
                0x20000b30                _end = .
                0x20017fff                _ram_end_ = ((ORIGIN (ram) + LENGTH (ram)) - 0x1)
OUTPUT(RosaElefant.elf elf32-littlearm)

.ARM.attributes
                0x00000000       0x29
 .ARM.attributes
                0x00000000       0x1d c:/program files (x86)/atmel/studio/7.0/toolchain/arm/arm-gnu-toolchain/bin/../lib/gcc/arm-none-eabi/6.3.1/thumb/v7-m/crti.o
 .ARM.attributes
                0x0000001d       0x2d c:/program files (x86)/atmel/studio/7.0/toolchain/arm/arm-gnu-toolchain/bin/../lib/gcc/arm-none-eabi/6.3.1/thumb/v7-m/crtbegin.o
 .ARM.attributes
                0x0000004a       0x33 Device_Startup/startup_sam3xa.o
 .ARM.attributes
                0x0000007d       0x33 Device_Startup/system_sam3xa.o
 .ARM.attributes
                0x000000b0       0x33 lib/can/can_controller.o
 .ARM.attributes
                0x000000e3       0x33 lib/can/can_interrupt.o
 .ARM.attributes
                0x00000116       0x33 lib/urat/printf-stdarg.o
 .ARM.attributes
                0x00000149       0x33 lib/urat/uart.o
 .ARM.attributes
                0x0000017c       0x33 src/driver_IR.o
 .ARM.attributes
                0x000001af       0x33 src/encoder.o
 .ARM.attributes
                0x000001e2       0x33 src/game.o
 .ARM.attributes
                0x00000215       0x33 src/init.o
 .ARM.attributes
                0x00000248       0x33 src/motor.o
 .ARM.attributes
                0x0000027b       0x33 src/MultiBoard.o
 .ARM.attributes
                0x000002ae       0x33 src/pwm.o
 .ARM.attributes
                0x000002e1       0x33 src/main.o
 .ARM.attributes
                0x00000314       0x33 src/servo.o
 .ARM.attributes
                0x00000347       0x33 src/time.o
 .ARM.attributes
                0x0000037a       0x33 src/uart_int.o
 .ARM.attributes
                0x000003ad       0x1d c:/program files (x86)/atmel/studio/7.0/toolchain/arm/arm-gnu-toolchain/bin/../lib/gcc/arm-none-eabi/6.3.1/thumb/v7-m\libgcc.a(_arm_addsubdf3.o)
 .ARM.attributes
                0x000003ca       0x1d c:/program files (x86)/atmel/studio/7.0/toolchain/arm/arm-gnu-toolchain/bin/../lib/gcc/arm-none-eabi/6.3.1/thumb/v7-m\libgcc.a(_arm_muldivdf3.o)
 .ARM.attributes
                0x000003e7       0x1d c:/program files (x86)/atmel/studio/7.0/toolchain/arm/arm-gnu-toolchain/bin/../lib/gcc/arm-none-eabi/6.3.1/thumb/v7-m\libgcc.a(_arm_cmpdf2.o)
 .ARM.attributes
                0x00000404       0x1d c:/program files (x86)/atmel/studio/7.0/toolchain/arm/arm-gnu-toolchain/bin/../lib/gcc/arm-none-eabi/6.3.1/thumb/v7-m\libgcc.a(_arm_fixdfsi.o)
 .ARM.attributes
                0x00000421       0x1d c:/program files (x86)/atmel/studio/7.0/toolchain/arm/arm-gnu-toolchain/bin/../lib/gcc/arm-none-eabi/6.3.1/thumb/v7-m\libgcc.a(_arm_fixunsdfsi.o)
 .ARM.attributes
                0x0000043e       0x1d c:/program files (x86)/atmel/studio/7.0/toolchain/arm/arm-gnu-toolchain/bin/../lib/gcc/arm-none-eabi/6.3.1/thumb/v7-m\libgcc.a(_aeabi_ldivmod.o)
 .ARM.attributes
                0x0000045b       0x2d c:/program files (x86)/atmel/studio/7.0/toolchain/arm/arm-gnu-toolchain/bin/../lib/gcc/arm-none-eabi/6.3.1/thumb/v7-m\libgcc.a(_udivmoddi4.o)
 .ARM.attributes
                0x00000488       0x1d c:/program files (x86)/atmel/studio/7.0/toolchain/arm/arm-gnu-toolchain/bin/../lib/gcc/arm-none-eabi/6.3.1/thumb/v7-m\libgcc.a(_dvmd_tls.o)
 .ARM.attributes
                0x000004a5       0x2d c:/program files (x86)/atmel/studio/7.0/toolchain/arm/arm-gnu-toolchain/bin/../lib/gcc/arm-none-eabi/6.3.1/../../../../arm-none-eabi/lib/thumb/v7-m\libc.a(lib_a-impure.o)
 .ARM.attributes
                0x000004d2       0x2d c:/program files (x86)/atmel/studio/7.0/toolchain/arm/arm-gnu-toolchain/bin/../lib/gcc/arm-none-eabi/6.3.1/../../../../arm-none-eabi/lib/thumb/v7-m\libc.a(lib_a-init.o)
 .ARM.attributes
                0x000004ff       0x2d c:/program files (x86)/atmel/studio/7.0/toolchain/arm/arm-gnu-toolchain/bin/../lib/gcc/arm-none-eabi/6.3.1/../../../../arm-none-eabi/lib/thumb/v7-m\libc.a(lib_a-__call_atexit.o)
 .ARM.attributes
                0x0000052c       0x2d c:/program files (x86)/atmel/studio/7.0/toolchain/arm/arm-gnu-toolchain/bin/../lib/gcc/arm-none-eabi/6.3.1/../../../../arm-none-eabi/lib/thumb/v7-m\libc.a(lib_a-atexit.o)
 .ARM.attributes
                0x00000559       0x2d c:/program files (x86)/atmel/studio/7.0/toolchain/arm/arm-gnu-toolchain/bin/../lib/gcc/arm-none-eabi/6.3.1/../../../../arm-none-eabi/lib/thumb/v7-m\libc.a(lib_a-fini.o)
 .ARM.attributes
                0x00000586       0x2d c:/program files (x86)/atmel/studio/7.0/toolchain/arm/arm-gnu-toolchain/bin/../lib/gcc/arm-none-eabi/6.3.1/../../../../arm-none-eabi/lib/thumb/v7-m\libc.a(lib_a-lock.o)
 .ARM.attributes
                0x000005b3       0x2d c:/program files (x86)/atmel/studio/7.0/toolchain/arm/arm-gnu-toolchain/bin/../lib/gcc/arm-none-eabi/6.3.1/../../../../arm-none-eabi/lib/thumb/v7-m\libc.a(lib_a-__atexit.o)
 .ARM.attributes
                0x000005e0       0x1d c:/program files (x86)/atmel/studio/7.0/toolchain/arm/arm-gnu-toolchain/bin/../lib/gcc/arm-none-eabi/6.3.1/thumb/v7-m/crtn.o

.comment        0x00000000       0x59
 .comment       0x00000000       0x59 Device_Startup/startup_sam3xa.o
                                 0x5a (size before relaxing)
 .comment       0x00000059       0x5a Device_Startup/system_sam3xa.o
 .comment       0x00000059       0x5a lib/can/can_controller.o
 .comment       0x00000059       0x5a lib/can/can_interrupt.o
 .comment       0x00000059       0x5a lib/urat/printf-stdarg.o
 .comment       0x00000059       0x5a lib/urat/uart.o
 .comment       0x00000059       0x5a src/driver_IR.o
 .comment       0x00000059       0x5a src/encoder.o
 .comment       0x00000059       0x5a src/game.o
 .comment       0x00000059       0x5a src/init.o
 .comment       0x00000059       0x5a src/motor.o
 .comment       0x00000059       0x5a src/MultiBoard.o
 .comment       0x00000059       0x5a src/pwm.o
 .comment       0x00000059       0x5a src/main.o
 .comment       0x00000059       0x5a src/servo.o
 .comment       0x00000059       0x5a src/time.o
 .comment       0x00000059       0x5a src/uart_int.o

.debug_frame    0x00000000      0x440
 .debug_frame   0x00000000       0xac c:/program files (x86)/atmel/studio/7.0/toolchain/arm/arm-gnu-toolchain/bin/../lib/gcc/arm-none-eabi/6.3.1/thumb/v7-m\libgcc.a(_arm_addsubdf3.o)
 .debug_frame   0x000000ac       0x50 c:/program files (x86)/atmel/studio/7.0/toolchain/arm/arm-gnu-toolchain/bin/../lib/gcc/arm-none-eabi/6.3.1/thumb/v7-m\libgcc.a(_arm_muldivdf3.o)
 .debug_frame   0x000000fc       0xc4 c:/program files (x86)/atmel/studio/7.0/toolchain/arm/arm-gnu-toolchain/bin/../lib/gcc/arm-none-eabi/6.3.1/thumb/v7-m\libgcc.a(_arm_cmpdf2.o)
 .debug_frame   0x000001c0       0x24 c:/program files (x86)/atmel/studio/7.0/toolchain/arm/arm-gnu-toolchain/bin/../lib/gcc/arm-none-eabi/6.3.1/thumb/v7-m\libgcc.a(_arm_fixdfsi.o)
 .debug_frame   0x000001e4       0x24 c:/program files (x86)/atmel/studio/7.0/toolchain/arm/arm-gnu-toolchain/bin/../lib/gcc/arm-none-eabi/6.3.1/thumb/v7-m\libgcc.a(_arm_fixunsdfsi.o)
 .debug_frame   0x00000208       0x44 c:/program files (x86)/atmel/studio/7.0/toolchain/arm/arm-gnu-toolchain/bin/../lib/gcc/arm-none-eabi/6.3.1/thumb/v7-m\libgcc.a(_aeabi_ldivmod.o)
 .debug_frame   0x0000024c       0x34 c:/program files (x86)/atmel/studio/7.0/toolchain/arm/arm-gnu-toolchain/bin/../lib/gcc/arm-none-eabi/6.3.1/thumb/v7-m\libgcc.a(_udivmoddi4.o)
 .debug_frame   0x00000280       0x2c c:/program files (x86)/atmel/studio/7.0/toolchain/arm/arm-gnu-toolchain/bin/../lib/gcc/arm-none-eabi/6.3.1/../../../../arm-none-eabi/lib/thumb/v7-m\libc.a(lib_a-init.o)
 .debug_frame   0x000002ac       0x5c c:/program files (x86)/atmel/studio/7.0/toolchain/arm/arm-gnu-toolchain/bin/../lib/gcc/arm-none-eabi/6.3.1/../../../../arm-none-eabi/lib/thumb/v7-m\libc.a(lib_a-__call_atexit.o)
 .debug_frame   0x00000308       0x20 c:/program files (x86)/atmel/studio/7.0/toolchain/arm/arm-gnu-toolchain/bin/../lib/gcc/arm-none-eabi/6.3.1/../../../../arm-none-eabi/lib/thumb/v7-m\libc.a(lib_a-atexit.o)
 .debug_frame   0x00000328       0x34 c:/program files (x86)/atmel/studio/7.0/toolchain/arm/arm-gnu-toolchain/bin/../lib/gcc/arm-none-eabi/6.3.1/../../../../arm-none-eabi/lib/thumb/v7-m\libc.a(lib_a-fini.o)
 .debug_frame   0x0000035c       0xb0 c:/program files (x86)/atmel/studio/7.0/toolchain/arm/arm-gnu-toolchain/bin/../lib/gcc/arm-none-eabi/6.3.1/../../../../arm-none-eabi/lib/thumb/v7-m\libc.a(lib_a-lock.o)
 .debug_frame   0x0000040c       0x34 c:/program files (x86)/atmel/studio/7.0/toolchain/arm/arm-gnu-toolchain/bin/../lib/gcc/arm-none-eabi/6.3.1/../../../../arm-none-eabi/lib/thumb/v7-m\libc.a(lib_a-__atexit.o)
