Archive member included to satisfy reference by file (symbol)

c:/program files (x86)/atmel/studio/7.0/toolchain/arm/arm-gnu-toolchain/bin/../lib/gcc/arm-none-eabi/6.3.1/thumb/v7-m\libgcc.a(_arm_addsubdf3.o)
                              src/motor.o (__aeabi_dadd)
c:/program files (x86)/atmel/studio/7.0/toolchain/arm/arm-gnu-toolchain/bin/../lib/gcc/arm-none-eabi/6.3.1/thumb/v7-m\libgcc.a(_arm_muldivdf3.o)
                              src/motor.o (__aeabi_dmul)
c:/program files (x86)/atmel/studio/7.0/toolchain/arm/arm-gnu-toolchain/bin/../lib/gcc/arm-none-eabi/6.3.1/thumb/v7-m\libgcc.a(_arm_cmpdf2.o)
                              src/motor.o (__aeabi_dcmplt)
c:/program files (x86)/atmel/studio/7.0/toolchain/arm/arm-gnu-toolchain/bin/../lib/gcc/arm-none-eabi/6.3.1/thumb/v7-m\libgcc.a(_arm_fixdfsi.o)
                              src/motor.o (__aeabi_d2iz)
c:/program files (x86)/atmel/studio/7.0/toolchain/arm/arm-gnu-toolchain/bin/../lib/gcc/arm-none-eabi/6.3.1/thumb/v7-m\libgcc.a(_arm_fixunsdfsi.o)
                              src/motor.o (__aeabi_d2uiz)
c:/program files (x86)/atmel/studio/7.0/toolchain/arm/arm-gnu-toolchain/bin/../lib/gcc/arm-none-eabi/6.3.1/thumb/v7-m\libgcc.a(_arm_truncdfsf2.o)
                              src/time.o (__aeabi_d2f)
c:/program files (x86)/atmel/studio/7.0/toolchain/arm/arm-gnu-toolchain/bin/../lib/gcc/arm-none-eabi/6.3.1/thumb/v7-m\libgcc.a(_aeabi_ldivmod.o)
                              src/motor.o (__aeabi_ldivmod)
c:/program files (x86)/atmel/studio/7.0/toolchain/arm/arm-gnu-toolchain/bin/../lib/gcc/arm-none-eabi/6.3.1/thumb/v7-m\libgcc.a(_aeabi_uldivmod.o)
                              src/time.o (__aeabi_uldivmod)
c:/program files (x86)/atmel/studio/7.0/toolchain/arm/arm-gnu-toolchain/bin/../lib/gcc/arm-none-eabi/6.3.1/thumb/v7-m\libgcc.a(_udivmoddi4.o)
                              c:/program files (x86)/atmel/studio/7.0/toolchain/arm/arm-gnu-toolchain/bin/../lib/gcc/arm-none-eabi/6.3.1/thumb/v7-m\libgcc.a(_aeabi_ldivmod.o) (__udivmoddi4)
c:/program files (x86)/atmel/studio/7.0/toolchain/arm/arm-gnu-toolchain/bin/../lib/gcc/arm-none-eabi/6.3.1/thumb/v7-m\libgcc.a(_dvmd_tls.o)
                              c:/program files (x86)/atmel/studio/7.0/toolchain/arm/arm-gnu-toolchain/bin/../lib/gcc/arm-none-eabi/6.3.1/thumb/v7-m\libgcc.a(_aeabi_ldivmod.o) (__aeabi_ldiv0)
c:/program files (x86)/atmel/studio/7.0/toolchain/arm/arm-gnu-toolchain/bin/../lib/gcc/arm-none-eabi/6.3.1/../../../../arm-none-eabi/lib/thumb/v7-m\libc.a(lib_a-exit.o)
                              c:/program files (x86)/atmel/studio/7.0/toolchain/arm/arm-gnu-toolchain/bin/../lib/gcc/arm-none-eabi/6.3.1/../../../../arm-none-eabi/lib/thumb/v7-m/crt0.o (exit)
c:/program files (x86)/atmel/studio/7.0/toolchain/arm/arm-gnu-toolchain/bin/../lib/gcc/arm-none-eabi/6.3.1/../../../../arm-none-eabi/lib/thumb/v7-m\libc.a(lib_a-impure.o)
                              c:/program files (x86)/atmel/studio/7.0/toolchain/arm/arm-gnu-toolchain/bin/../lib/gcc/arm-none-eabi/6.3.1/../../../../arm-none-eabi/lib/thumb/v7-m\libc.a(lib_a-exit.o) (_global_impure_ptr)
c:/program files (x86)/atmel/studio/7.0/toolchain/arm/arm-gnu-toolchain/bin/../lib/gcc/arm-none-eabi/6.3.1/../../../../arm-none-eabi/lib/thumb/v7-m\libc.a(lib_a-init.o)
                              c:/program files (x86)/atmel/studio/7.0/toolchain/arm/arm-gnu-toolchain/bin/../lib/gcc/arm-none-eabi/6.3.1/../../../../arm-none-eabi/lib/thumb/v7-m/crt0.o (__libc_init_array)
c:/program files (x86)/atmel/studio/7.0/toolchain/arm/arm-gnu-toolchain/bin/../lib/gcc/arm-none-eabi/6.3.1/../../../../arm-none-eabi/lib/thumb/v7-m\libc.a(lib_a-memset.o)
                              c:/program files (x86)/atmel/studio/7.0/toolchain/arm/arm-gnu-toolchain/bin/../lib/gcc/arm-none-eabi/6.3.1/../../../../arm-none-eabi/lib/thumb/v7-m/crt0.o (memset)
c:/program files (x86)/atmel/studio/7.0/toolchain/arm/arm-gnu-toolchain/bin/../lib/gcc/arm-none-eabi/6.3.1/../../../../arm-none-eabi/lib/thumb/v7-m\libc.a(lib_a-puts.o)
                              src/can.o (puts)
c:/program files (x86)/atmel/studio/7.0/toolchain/arm/arm-gnu-toolchain/bin/../lib/gcc/arm-none-eabi/6.3.1/../../../../arm-none-eabi/lib/thumb/v7-m\libc.a(lib_a-strlen-stub.o)
                              c:/program files (x86)/atmel/studio/7.0/toolchain/arm/arm-gnu-toolchain/bin/../lib/gcc/arm-none-eabi/6.3.1/../../../../arm-none-eabi/lib/thumb/v7-m\libc.a(lib_a-puts.o) (strlen)
c:/program files (x86)/atmel/studio/7.0/toolchain/arm/arm-gnu-toolchain/bin/../lib/gcc/arm-none-eabi/6.3.1/../../../../arm-none-eabi/lib/thumb/v7-m\libc.a(lib_a-__call_atexit.o)
                              c:/program files (x86)/atmel/studio/7.0/toolchain/arm/arm-gnu-toolchain/bin/../lib/gcc/arm-none-eabi/6.3.1/../../../../arm-none-eabi/lib/thumb/v7-m\libc.a(lib_a-exit.o) (__call_exitprocs)
[...]
Memory Configuration

Name             Origin             Length             Attributes
rom              0x00080000         0x00080000         xr
ram              0x20000000         0x00018000         xrw
*default*        0x00000000         0xffffffff

Linker script and memory map

LOAD c:/program files (x86)/atmel/studio/7.0/toolchain/arm/arm-gnu-toolchain/bin/../lib/gcc/arm-none-eabi/6.3.1/thumb/v7-m/crti.o
LOAD c:/program files (x86)/atmel/studio/7.0/toolchain/arm/arm-gnu-toolchain/bin/../lib/gcc/arm-none-eabi/6.3.1/thumb/v7-m/crtbegin.o
LOAD c:/program files (x86)/atmel/studio/7.0/toolchain/arm/arm-gnu-toolchain/bin/../lib/gcc/arm-none-eabi/6.3.1/../../../../arm-none-eabi/lib/thumb/v7-m/crt0.o
LOAD Device_Startup/startup_sam3xa.o
LOAD Device_Startup/system_sam3xa.o
LOAD lib/can/can_controller.o
LOAD lib/can/can_interrupt.o
LOAD lib/urat/printf-stdarg.o
LOAD lib/urat/uart.o
LOAD src/can.o
LOAD src/driver_IR.o
LOAD src/encoder.o
LOAD src/game.o
LOAD src/init.o
LOAD src/motor.o
LOAD src/MultiBoard.o
LOAD src/pwm.o
LOAD src/main.o
LOAD src/score.o
LOAD src/servo.o
LOAD src/time.o
LOAD src/uart_int.o
START GROUP
END GROUP
START GROUP
LOAD c:/program files (x86)/atmel/studio/7.0/toolchain/arm/arm-gnu-toolchain/bin/../lib/gcc/arm-none-eabi/6.3.1/thumb/v7-m\libgcc.a
LOAD c:/program files (x86)/atmel/studio/7.0/toolchain/arm/arm-gnu-toolchain/bin/../lib/gcc/arm-none-eabi/6.3.1/../../../../arm-none-eabi/lib/thumb/v7-m\libc.a
END GROUP
LOAD c:/program files (x86)/atmel/studio/7.0/toolchain/arm/arm-gnu-toolchain/bin/../lib/gcc/arm-none-eabi/6.3.1/thumb/v7-m/crtend.o
LOAD c:/program files (x86)/atmel/studio/7.0/toolchain/arm/arm-gnu-toolchain/bin/../lib/gcc/arm-none-eabi/6.3.1/thumb/v7-m/crtn.o
                0x00000400                STACK_SIZE = DEFINED (STACK_SIZE)?STACK_SIZE:0x400
                0x00000200                HEAP_SIZE = DEFINED (HEAP_SIZE)?HEAP_SIZE:0x200

.text           0x00080000     0x411c
                0x00080000                . = ALIGN (0x4)
                0x00080000                _sfixed = .
 *(.vectors .vectors.*)
 .vectors       0x00080000       0xf4 Device_Startup/startup_sam3xa.o
                0x00080000                exception_table
 *(.text .text.* .gnu.linkonce.t.*)
 .text          0x000800f4       0x6c c:/program files (x86)/atmel/studio/7.0/toolchain/arm/arm-gnu-toolchain/bin/../lib/gcc/arm-none-eabi/6.3.1/thumb/v7-m/crtbegin.o
 .text.Dummy_Handler
                0x00080160        0x2 Device_Startup/startup_sam3xa.o
                0x00080160                DACC_Handler
                0x00080160                DebugMon_Handler
                0x00080160                DMAC_Handler
                0x00080160                TRNG_Handler
                0x00080160                HardFault_Handler
                0x00080160                TC2_Handler
                0x00080160                USART3_Handler
                0x00080160                TWI1_Handler
                0x00080160                PendSV_Handler
                0x00080160                NMI_Handler
                0x00080160                TC7_Handler
                0x00080160                ADC_Handler
                0x00080160                SMC_Handler
                0x00080160                USART0_Handler
                0x00080160                RTT_Handler
                0x00080160                EFC1_Handler
                0x00080160                PIOB_Handler
                0x00080160                RTC_Handler
                0x00080160                UsageFault_Handler
                0x00080160                TC6_Handler
                0x00080160                WDT_Handler
                0x00080160                TC4_Handler
                0x00080160                TC1_Handler
                0x00080160                HSMCI_Handler
                0x00080160                TC3_Handler
                0x00080160                Dummy_Handler
                0x00080160                TWI0_Handler
                0x00080160                USART1_Handler
                0x00080160                PIOA_Handler
                0x00080160                SSC_Handler
                0x00080160                EFC0_Handler
                0x00080160                PMC_Handler
                0x00080160                PWM_Handler
                0x00080160                CAN1_Handler
                0x00080160                MemManage_Handler
                0x00080160                SUPC_Handler
                0x00080160                SVC_Handler
                0x00080160                TC8_Handler
                0x00080160                USART2_Handler
                0x00080160                PIOD_Handler
                0x00080160                EMAC_Handler
                0x00080160                PIOC_Handler
                0x00080160                BusFault_Handler
                0x00080160                RSTC_Handler
                0x00080160                TC0_Handler
                0x00080160                TC5_Handler
                0x00080160                UOTGHS_Handler
                0x00080160                SPI0_Handler
 *fill*         0x00080162        0x2 
 .text.Reset_Handler
                0x00080164       0x68 Device_Startup/startup_sam3xa.o
                0x00080164                Reset_Handler
 .text.SystemInit
                0x000801cc       0x80 Device_Startup/system_sam3xa.o
                0x000801cc                SystemInit
 .text.can_init_controller
                0x0008024c       0xfc lib/can/can_controller.o
                0x0008024c                can_init_controller
 .text.can_init_def_tx_rx_mb
                0x00080348        0xc lib/can/can_controller.o
                0x00080348                can_init_def_tx_rx_mb
 .text.can_send
                0x00080354       0x60 lib/can/can_controller.o
                0x00080354                can_send
 .text.can_receive
                0x000803b4       0x74 lib/can/can_controller.o
                0x000803b4                can_receive
 .text.CAN0_Handler
                0x00080428       0x8c lib/can/can_interrupt.o
                0x00080428                CAN0_Handler
 .text.prints.isra.1
                0x000804b4       0x8c lib/urat/printf-stdarg.o
 .text.printi.isra.2
                0x00080540       0x94 lib/urat/printf-stdarg.o
 .text.print    0x000805d4      0x110 lib/urat/printf-stdarg.o
 .text.printf   0x000806e4       0x20 lib/urat/printf-stdarg.o
                0x000806e4                printf
 .text.uart_putchar
                0x00080704       0x1c lib/urat/uart.o
                0x00080704                uart_putchar
 .text.UART_Handler
                0x00080720       0x50 lib/urat/uart.o
                0x00080720                UART_Handler
 .text.IR_Init  0x00080770       0x50 src/driver_IR.o
                0x00080770                IR_Init
 .text.IR_Handler
                0x000807c0       0xa0 src/driver_IR.o
                0x000807c0                IR_Handler
 .text.encoder_init
                0x00080860       0x2c src/encoder.o
                0x00080860                encoder_init
 .text.read_encoder_position
                0x0008088c        0xc src/encoder.o
                0x0008088c                read_encoder_position
 .text.set_difficulty.part.0
                0x00080898       0x2c src/game.o
 .text.set_difficulty
                0x000808c4       0x58 src/game.o
 .text.game_Init
                0x0008091c       0x18 src/game.o
                0x0008091c                game_Init
 .text.print_game_status
                0x00080934       0x9c src/game.o
                0x00080934                print_game_status
 .text.update_game_status_from_can
                0x000809d0       0x8c src/game.o
                0x000809d0                update_game_status_from_can
 .text.run_game
                0x00080a5c       0x20 src/game.o
                0x00080a5c                run_game
 .text.game_Send
                0x00080a7c       0x5c src/game.o
                0x00080a7c                game_Send
 .text.handle_game_over
                0x00080ad8       0x28 src/game.o
 .text.start_game
                0x00080b00       0xd8 src/game.o
                0x00080b00                start_game
 .text.checkExternalValues_toScreen
                0x00080bd8      0x1d8 src/init.o
                0x00080bd8                checkExternalValues_toScreen
 .text.init     0x00080db0       0x78 src/init.o
                0x00080db0                init
 .text.motor_init
                0x00080e28       0x18 src/motor.o
                0x00080e28                motor_init
 .text.normalize_pos_encoder
                0x00080e40       0x8c src/motor.o
                0x00080e40                normalize_pos_encoder
 *fill*         0x00080ecc        0x4 
 .text.normalize_pos_ref
                0x00080ed0       0x64 src/motor.o
                0x00080ed0                normalize_pos_ref
 .text.update_motor_pwm
                0x00080f34       0x38 src/motor.o
                0x00080f34                update_motor_pwm
 *fill*         0x00080f6c        0x4 
 .text.motor_control_PID
                0x00080f70      0x118 src/motor.o
                0x00080f70                motor_control_PID
 .text.reset_pid
                0x00081088       0x50 src/motor.o
                0x00081088                reset_pid
 .text.calibrate_motor_pos
                0x000810d8       0xb0 src/motor.o
                0x000810d8                calibrate_motor_pos
 .text.MultiBoard_Init
                0x00081188       0x16 src/MultiBoard.o
                0x00081188                MultiBoard_Init
 *fill*         0x0008119e        0x2 
 .text.update_board_from_can
                0x000811a0       0x98 src/MultiBoard.o
                0x000811a0                update_board_from_can
 .text.pwm_init
                0x00081238       0x80 src/pwm.o
                0x00081238                pwm_init
 .text.startup.main
                0x000812b8       0x28 src/main.o
                0x000812b8                main
 .text.servo_init
                0x000812e0       0x24 src/servo.o
                0x000812e0                servo_init
 *fill*         0x00081304        0x4 
 .text.servo_set_position_joy
                0x00081308      0x11c src/servo.o
                0x00081308                servo_set_position_joy
 .text.startup.time_init
                0x00081424       0x34 src/time.o
                0x00081424                time_init
 .text.SysTick_Handler
                0x00081458       0x20 src/time.o
                0x00081458                SysTick_Handler
 .text.time_now
                0x00081478       0x30 src/time.o
                0x00081478                time_now
 .text.msecs    0x000814a8       0x18 src/time.o
                0x000814a8                msecs
 .text.time_spinUntil
                0x000814c0       0x18 src/time.o
                0x000814c0                time_spinUntil
 .text.time_spinFor
                0x000814d8       0x20 src/time.o
                0x000814d8                time_spinFor
 .text.pop      0x000814f8       0x2c src/uart_int.o
                0x000814f8                pop
 .text.uart_init
                0x00081524       0x60 src/uart_int.o
                0x00081524                uart_init
 .text.uart_tx  0x00081584       0x10 src/uart_int.o
                0x00081584                uart_tx
 .text.uart_rx  0x00081594       0x18 src/uart_int.o
                0x00081594                uart_rx
 .text._sbrk    0x000815ac       0x24 src/uart_int.o
                0x000815ac                _sbrk
 .text._close   0x000815d0        0x6 src/uart_int.o
                0x000815d0                _close
 .text._fstat   0x000815d6        0xa src/uart_int.o
                0x000815d6                _fstat
 .text._isatty  0x000815e0        0x4 src/uart_int.o
                0x000815e0                _isatty
 .text._lseek   0x000815e4        0x4 src/uart_int.o
                0x000815e4                _lseek
 .text._write   0x000815e8       0x28 src/uart_int.o
                0x000815e8                _write
 .text._read    0x00081610       0x38 src/uart_int.o
                0x00081610                _read
 .text          0x00081648      0x370 c:/program files (x86)/atmel/studio/7.0/toolchain/arm/arm-gnu-toolchain/bin/../lib/gcc/arm-none-eabi/6.3.1/thumb/v7-m\libgcc.a(_arm_addsubdf3.o)
                0x00081648                __aeabi_drsub
                0x00081650                __aeabi_dsub
                0x00081650                __subdf3
                0x00081654                __aeabi_dadd
                0x00081654                __adddf3
                0x000818cc                __floatunsidf
                0x000818cc                __aeabi_ui2d
                0x000818ec                __floatsidf
                0x000818ec                __aeabi_i2d
                0x00081910                __aeabi_f2d
                0x00081910                __extendsfdf2
                0x0008194c                __floatundidf
                0x0008194c                __aeabi_ul2d
                0x0008195c                __floatdidf
                0x0008195c                __aeabi_l2d
 .text          0x000819b8      0x424 c:/program files (x86)/atmel/studio/7.0/toolchain/arm/arm-gnu-toolchain/bin/../lib/gcc/arm-none-eabi/6.3.1/thumb/v7-m\libgcc.a(_arm_muldivdf3.o)
                0x000819b8                __aeabi_dmul
                0x000819b8                __muldf3
                0x00081c0c                __divdf3
                0x00081c0c                __aeabi_ddiv
 .text          0x00081ddc      0x110 c:/program files (x86)/atmel/studio/7.0/toolchain/arm/arm-gnu-toolchain/bin/../lib/gcc/arm-none-eabi/6.3.1/thumb/v7-m\libgcc.a(_arm_cmpdf2.o)
                0x00081ddc                __gtdf2
                0x00081ddc                __gedf2
                0x00081de4                __ltdf2
                0x00081de4                __ledf2
                0x00081dec                __nedf2
                0x00081dec                __eqdf2
                0x00081dec                __cmpdf2
                0x00081e68                __aeabi_cdrcmple
                0x00081e78                __aeabi_cdcmpeq
                0x00081e78                __aeabi_cdcmple
                0x00081e88                __aeabi_dcmpeq
                0x00081e9c                __aeabi_dcmplt
                0x00081eb0                __aeabi_dcmple
                0x00081ec4                __aeabi_dcmpge
                0x00081ed8                __aeabi_dcmpgt
 .text          0x00081eec       0x50 c:/program files (x86)/atmel/studio/7.0/toolchain/arm/arm-gnu-toolchain/bin/../lib/gcc/arm-none-eabi/6.3.1/thumb/v7-m\libgcc.a(_arm_fixdfsi.o)
                0x00081eec                __aeabi_d2iz
                0x00081eec                __fixdfsi
 .text          0x00081f3c       0x40 c:/program files (x86)/atmel/studio/7.0/toolchain/arm/arm-gnu-toolchain/bin/../lib/gcc/arm-none-eabi/6.3.1/thumb/v7-m\libgcc.a(_arm_fixunsdfsi.o)
                0x00081f3c                __aeabi_d2uiz
                0x00081f3c                __fixunsdfsi
 .text          0x00081f7c       0xa0 c:/program files (x86)/atmel/studio/7.0/toolchain/arm/arm-gnu-toolchain/bin/../lib/gcc/arm-none-eabi/6.3.1/thumb/v7-m\libgcc.a(_aeabi_ldivmod.o)
                0x00081f7c                __aeabi_ldivmod
 .text          0x0008201c      0x2dc c:/program files (x86)/atmel/studio/7.0/toolchain/arm/arm-gnu-toolchain/bin/../lib/gcc/arm-none-eabi/6.3.1/thumb/v7-m\libgcc.a(_udivmoddi4.o)
                0x0008201c                __udivmoddi4
 .text          0x000822f8        0x4 c:/program files (x86)/atmel/studio/7.0/toolchain/arm/arm-gnu-toolchain/bin/../lib/gcc/arm-none-eabi/6.3.1/thumb/v7-m\libgcc.a(_dvmd_tls.o)
                0x000822f8                __aeabi_idiv0
                0x000822f8                __aeabi_ldiv0
 .text.__libc_init_array
                0x000822fc       0x50 c:/program files (x86)/atmel/studio/7.0/toolchain/arm/arm-gnu-toolchain/bin/../lib/gcc/arm-none-eabi/6.3.1/../../../../arm-none-eabi/lib/thumb/v7-m\libc.a(lib_a-init.o)
                0x000822fc                __libc_init_array
 .text.memset   0x0008234c       0x9c c:/program files (x86)/atmel/studio/7.0/toolchain/arm/arm-gnu-toolchain/bin/../lib/gcc/arm-none-eabi/6.3.1/../../../../arm-none-eabi/lib/thumb/v7-m\libc.a(lib_a-memset.o)
                0x0008234c                memset
 .text._puts_r  0x000823e8       0x9c c:/program files (x86)/atmel/studio/7.0/toolchain/arm/arm-gnu-toolchain/bin/../lib/gcc/arm-none-eabi/6.3.1/../../../../arm-none-eabi/lib/thumb/v7-m\libc.a(lib_a-puts.o)
                0x000823e8                _puts_r
 .text.puts     0x00082484       0x10 c:/program files (x86)/atmel/studio/7.0/toolchain/arm/arm-gnu-toolchain/bin/../lib/gcc/arm-none-eabi/6.3.1/../../../../arm-none-eabi/lib/thumb/v7-m\libc.a(lib_a-puts.o)
                0x00082484                puts
 .text.strlen   0x00082494       0x5c c:/program files (x86)/atmel/studio/7.0/toolchain/arm/arm-gnu-toolchain/bin/../lib/gcc/arm-none-eabi/6.3.1/../../../../arm-none-eabi/lib/thumb/v7-m\libc.a(lib_a-strlen-stub.o)
                0x00082494                strlen
 .text.startup.register_fini
                0x000824f0       0x14 c:/program files (x86)/atmel/studio/7.0/toolchain/arm/arm-gnu-toolchain/bin/../lib/gcc/arm-none-eabi/6.3.1/../../../../arm-none-eabi/lib/thumb/v7-m\libc.a(lib_a-__call_atexit.o)
 .text.atexit   0x00082504        0xc c:/program files (x86)/atmel/studio/7.0/toolchain/arm/arm-gnu-toolchain/bin/../lib/gcc/arm-none-eabi/6.3.1/../../../../arm-none-eabi/lib/thumb/v7-m\libc.a(lib_a-atexit.o)
                0x00082504                atexit
 .text._cleanup_r
                0x00082510        0xc c:/program files (x86)/atmel/studio/7.0/toolchain/arm/arm-gnu-toolchain/bin/../lib/gcc/arm-none-eabi/6.3.1/../../../../arm-none-eabi/lib/thumb/v7-m\libc.a(lib_a-findfp.o)
                0x00082510                _cleanup_r
 .text.std.isra.0
                0x0008251c       0x50 c:/program files (x86)/atmel/studio/7.0/toolchain/arm/arm-gnu-toolchain/bin/../lib/gcc/arm-none-eabi/6.3.1/../../../../arm-none-eabi/lib/thumb/v7-m\libc.a(lib_a-findfp.o)
 .text.__sinit  0x0008256c       0x60 c:/program files (x86)/atmel/studio/7.0/toolchain/arm/arm-gnu-toolchain/bin/../lib/gcc/arm-none-eabi/6.3.1/../../../../arm-none-eabi/lib/thumb/v7-m\libc.a(lib_a-findfp.o)
                0x0008256c                __sinit
 .text.__sfp_lock_acquire
                0x000825cc        0xc c:/program files (x86)/atmel/studio/7.0/toolchain/arm/arm-gnu-toolchain/bin/../lib/gcc/arm-none-eabi/6.3.1/../../../../arm-none-eabi/lib/thumb/v7-m\libc.a(lib_a-findfp.o)
                0x000825cc                __sfp_lock_acquire
 .text.__sfp_lock_release
                0x000825d8        0xc c:/program files (x86)/atmel/studio/7.0/toolchain/arm/arm-gnu-toolchain/bin/../lib/gcc/arm-none-eabi/6.3.1/../../../../arm-none-eabi/lib/thumb/v7-m\libc.a(lib_a-findfp.o)
                0x000825d8                __sfp_lock_release
 .text.__libc_fini_array
                0x000825e4       0x34 c:/program files (x86)/atmel/studio/7.0/toolchain/arm/arm-gnu-toolchain/bin/../lib/gcc/arm-none-eabi/6.3.1/../../../../arm-none-eabi/lib/thumb/v7-m\libc.a(lib_a-fini.o)
                0x000825e4                __libc_fini_array
 .text.__sfvwrite_r
                0x00082618      0x2f4 c:/program files (x86)/atmel/studio/7.0/toolchain/arm/arm-gnu-toolchain/bin/../lib/gcc/arm-none-eabi/6.3.1/../../../../arm-none-eabi/lib/thumb/v7-m\libc.a(lib_a-fvwrite.o)
                0x00082618                __sfvwrite_r
 .text._fwalk_reent
                0x0008290c       0x50 c:/program files (x86)/atmel/studio/7.0/toolchain/arm/arm-gnu-toolchain/bin/../lib/gcc/arm-none-eabi/6.3.1/../../../../arm-none-eabi/lib/thumb/v7-m\libc.a(lib_a-fwalk.o)
                0x0008290c                _fwalk_reent
 .text.__retarget_lock_init_recursive
                0x0008295c        0x4 c:/program files (x86)/atmel/studio/7.0/toolchain/arm/arm-gnu-toolchain/bin/../lib/gcc/arm-none-eabi/6.3.1/../../../../arm-none-eabi/lib/thumb/v7-m\libc.a(lib_a-lock.o)
                0x0008295c                __retarget_lock_init_recursive
 .text.__retarget_lock_close_recursive
                0x00082960        0x4 c:/program files (x86)/atmel/studio/7.0/toolchain/arm/arm-gnu-toolchain/bin/../lib/gcc/arm-none-eabi/6.3.1/../../../../arm-none-eabi/lib/thumb/v7-m\libc.a(lib_a-lock.o)
                0x00082960                __retarget_lock_close_recursive
 .text.__retarget_lock_acquire_recursive
                0x00082964        0x4 c:/program files (x86)/atmel/studio/7.0/toolchain/arm/arm-gnu-toolchain/bin/../lib/gcc/arm-none-eabi/6.3.1/../../../../arm-none-eabi/lib/thumb/v7-m\libc.a(lib_a-lock.o)
                0x00082964                __retarget_lock_acquire_recursive
 .text.__retarget_lock_release_recursive
                0x00082968        0x4 c:/program files (x86)/atmel/studio/7.0/toolchain/arm/arm-gnu-toolchain/bin/../lib/gcc/arm-none-eabi/6.3.1/../../../../arm-none-eabi/lib/thumb/v7-m\libc.a(lib_a-lock.o)
                0x00082968                __retarget_lock_release_recursive
 .text._malloc_r
                0x0008296c      0x544 c:/program files (x86)/atmel/studio/7.0/toolchain/arm/arm-gnu-toolchain/bin/../lib/gcc/arm-none-eabi/6.3.1/../../../../arm-none-eabi/lib/thumb/v7-m\libc.a(lib_a-mallocr.o)
                0x0008296c                _malloc_r
 .text.memchr   0x00082eb0       0x8c c:/program files (x86)/atmel/studio/7.0/toolchain/arm/arm-gnu-toolchain/bin/../lib/gcc/arm-none-eabi/6.3.1/../../../../arm-none-eabi/lib/thumb/v7-m\libc.a(lib_a-memchr-stub.o)
                0x00082eb0                memchr
 .text          0x00082f3c       0xec c:/program files (x86)/atmel/studio/7.0/toolchain/arm/arm-gnu-toolchain/bin/../lib/gcc/arm-none-eabi/6.3.1/../../../../arm-none-eabi/lib/thumb/v7-m\libc.a(lib_a-memcpy.o)
                0x00082f3c                memcpy
 .text.memmove  0x00083028       0xc8 c:/program files (x86)/atmel/studio/7.0/toolchain/arm/arm-gnu-toolchain/bin/../lib/gcc/arm-none-eabi/6.3.1/../../../../arm-none-eabi/lib/thumb/v7-m\libc.a(lib_a-memmove.o)
                0x00083028                memmove
 .text.__malloc_lock
                0x000830f0        0xc c:/program files (x86)/atmel/studio/7.0/toolchain/arm/arm-gnu-toolchain/bin/../lib/gcc/arm-none-eabi/6.3.1/../../../../arm-none-eabi/lib/thumb/v7-m\libc.a(lib_a-mlock.o)
                0x000830f0                __malloc_lock
 .text.__malloc_unlock
                0x000830fc        0xc c:/program files (x86)/atmel/studio/7.0/toolchain/arm/arm-gnu-toolchain/bin/../lib/gcc/arm-none-eabi/6.3.1/../../../../arm-none-eabi/lib/thumb/v7-m\libc.a(lib_a-mlock.o)
                0x000830fc                __malloc_unlock
 .text._realloc_r
                0x00083108      0x36c c:/program files (x86)/atmel/studio/7.0/toolchain/arm/arm-gnu-toolchain/bin/../lib/gcc/arm-none-eabi/6.3.1/../../../../arm-none-eabi/lib/thumb/v7-m\libc.a(lib_a-reallocr.o)
                0x00083108                _realloc_r
 .text._sbrk_r  0x00083474       0x24 c:/program files (x86)/atmel/studio/7.0/toolchain/arm/arm-gnu-toolchain/bin/../lib/gcc/arm-none-eabi/6.3.1/../../../../arm-none-eabi/lib/thumb/v7-m\libc.a(lib_a-sbrkr.o)
                0x00083474                _sbrk_r
 .text.__sread  0x00083498       0x24 c:/program files (x86)/atmel/studio/7.0/toolchain/arm/arm-gnu-toolchain/bin/../lib/gcc/arm-none-eabi/6.3.1/../../../../arm-none-eabi/lib/thumb/v7-m\libc.a(lib_a-stdio.o)
                0x00083498                __sread
 .text.__swrite
                0x000834bc       0x3c c:/program files (x86)/atmel/studio/7.0/toolchain/arm/arm-gnu-toolchain/bin/../lib/gcc/arm-none-eabi/6.3.1/../../../../arm-none-eabi/lib/thumb/v7-m\libc.a(lib_a-stdio.o)
                0x000834bc                __swrite
 .text.__sseek  0x000834f8       0x20 c:/program files (x86)/atmel/studio/7.0/toolchain/arm/arm-gnu-toolchain/bin/../lib/gcc/arm-none-eabi/6.3.1/../../../../arm-none-eabi/lib/thumb/v7-m\libc.a(lib_a-stdio.o)
                0x000834f8                __sseek
 .text.__sclose
                0x00083518        0x8 c:/program files (x86)/atmel/studio/7.0/toolchain/arm/arm-gnu-toolchain/bin/../lib/gcc/arm-none-eabi/6.3.1/../../../../arm-none-eabi/lib/thumb/v7-m\libc.a(lib_a-stdio.o)
                0x00083518                __sclose
 .text._write_r
                0x00083520       0x2c c:/program files (x86)/atmel/studio/7.0/toolchain/arm/arm-gnu-toolchain/bin/../lib/gcc/arm-none-eabi/6.3.1/../../../../arm-none-eabi/lib/thumb/v7-m\libc.a(lib_a-writer.o)
                0x00083520                _write_r
 .text.__swsetup_r
                0x0008354c       0xc8 c:/program files (x86)/atmel/studio/7.0/toolchain/arm/arm-gnu-toolchain/bin/../lib/gcc/arm-none-eabi/6.3.1/../../../../arm-none-eabi/lib/thumb/v7-m\libc.a(lib_a-wsetup.o)
                0x0008354c                __swsetup_r
 .text.__register_exitproc
                0x00083614       0xc4 c:/program files (x86)/atmel/studio/7.0/toolchain/arm/arm-gnu-toolchain/bin/../lib/gcc/arm-none-eabi/6.3.1/../../../../arm-none-eabi/lib/thumb/v7-m\libc.a(lib_a-__atexit.o)
                0x00083614                __register_exitproc
 .text._close_r
                0x000836d8       0x24 c:/program files (x86)/atmel/studio/7.0/toolchain/arm/arm-gnu-toolchain/bin/../lib/gcc/arm-none-eabi/6.3.1/../../../../arm-none-eabi/lib/thumb/v7-m\libc.a(lib_a-closer.o)
                0x000836d8                _close_r
 .text._fclose_r
                0x000836fc       0xc4 c:/program files (x86)/atmel/studio/7.0/toolchain/arm/arm-gnu-toolchain/bin/../lib/gcc/arm-none-eabi/6.3.1/../../../../arm-none-eabi/lib/thumb/v7-m\libc.a(lib_a-fclose.o)
                0x000836fc                _fclose_r
 .text.__sflush_r
                0x000837c0      0x138 c:/program files (x86)/atmel/studio/7.0/toolchain/arm/arm-gnu-toolchain/bin/../lib/gcc/arm-none-eabi/6.3.1/../../../../arm-none-eabi/lib/thumb/v7-m\libc.a(lib_a-fflush.o)
                0x000837c0                __sflush_r
 .text._fflush_r
                0x000838f8       0x54 c:/program files (x86)/atmel/studio/7.0/toolchain/arm/arm-gnu-toolchain/bin/../lib/gcc/arm-none-eabi/6.3.1/../../../../arm-none-eabi/lib/thumb/v7-m\libc.a(lib_a-fflush.o)
                0x000838f8                _fflush_r
 .text._malloc_trim_r
                0x0008394c       0xa0 c:/program files (x86)/atmel/studio/7.0/toolchain/arm/arm-gnu-toolchain/bin/../lib/gcc/arm-none-eabi/6.3.1/../../../../arm-none-eabi/lib/thumb/v7-m\libc.a(lib_a-freer.o)
                0x0008394c                _malloc_trim_r
 .text._free_r  0x000839ec      0x1cc c:/program files (x86)/atmel/studio/7.0/toolchain/arm/arm-gnu-toolchain/bin/../lib/gcc/arm-none-eabi/6.3.1/../../../../arm-none-eabi/lib/thumb/v7-m\libc.a(lib_a-freer.o)
                0x000839ec                _free_r
 .text._lseek_r
                0x00083bb8       0x2c c:/program files (x86)/atmel/studio/7.0/toolchain/arm/arm-gnu-toolchain/bin/../lib/gcc/arm-none-eabi/6.3.1/../../../../arm-none-eabi/lib/thumb/v7-m\libc.a(lib_a-lseekr.o)
                0x00083bb8                _lseek_r
 .text.__swhatbuf_r
                0x00083be4       0x5c c:/program files (x86)/atmel/studio/7.0/toolchain/arm/arm-gnu-toolchain/bin/../lib/gcc/arm-none-eabi/6.3.1/../../../../arm-none-eabi/lib/thumb/v7-m\libc.a(lib_a-makebuf.o)
                0x00083be4                __swhatbuf_r
 .text.__smakebuf_r
                0x00083c40       0x94 c:/program files (x86)/atmel/studio/7.0/toolchain/arm/arm-gnu-toolchain/bin/../lib/gcc/arm-none-eabi/6.3.1/../../../../arm-none-eabi/lib/thumb/v7-m\libc.a(lib_a-makebuf.o)
                0x00083c40                __smakebuf_r
 .text._read_r  0x00083cd4       0x2c c:/program files (x86)/atmel/studio/7.0/toolchain/arm/arm-gnu-toolchain/bin/../lib/gcc/arm-none-eabi/6.3.1/../../../../arm-none-eabi/lib/thumb/v7-m\libc.a(lib_a-readr.o)
                0x00083cd4                _read_r
 .text._fstat_r
                0x00083d00       0x28 c:/program files (x86)/atmel/studio/7.0/toolchain/arm/arm-gnu-toolchain/bin/../lib/gcc/arm-none-eabi/6.3.1/../../../../arm-none-eabi/lib/thumb/v7-m\libc.a(lib_a-fstatr.o)
                0x00083d00                _fstat_r
 .text._isatty_r
                0x00083d28       0x24 c:/program files (x86)/atmel/studio/7.0/toolchain/arm/arm-gnu-toolchain/bin/../lib/gcc/arm-none-eabi/6.3.1/../../../../arm-none-eabi/lib/thumb/v7-m\libc.a(lib_a-isattyr.o)
                0x00083d28                _isatty_r
 *(.glue_7t)
 .glue_7t       0x00083d4c        0x0 linker stubs
 *(.glue_7)
 .glue_7        0x00083d4c        0x0 linker stubs
 *(.rodata .rodata* .gnu.linkonce.r.*)
 .rodata.str1.1
                0x00083d4c       0x2b lib/can/can_interrupt.o
 .rodata.str1.1
                0x00083d77        0x7 lib/urat/printf-stdarg.o
 .rodata.str1.1
                0x00083d7e       0x1e lib/urat/uart.o
 .rodata.str1.1
                0x00083d9c       0x14 src/driver_IR.o
 .rodata.str1.1
                0x00083db0      0x131 src/game.o
                                0x169 (size before relaxing)
 .rodata.str1.1
                0x00083ee1      0x1a6 src/init.o
                                0x1fa (size before relaxing)
 .rodata.str1.1
                0x00084087       0x62 src/motor.o
 *fill*         0x000840e9        0x3 
 .rodata._global_impure_ptr
                0x000840ec        0x4 c:/program files (x86)/atmel/studio/7.0/toolchain/arm/arm-gnu-toolchain/bin/../lib/gcc/arm-none-eabi/6.3.1/../../../../arm-none-eabi/lib/thumb/v7-m\libc.a(lib_a-impure.o)
                0x000840ec                _global_impure_ptr
 .rodata._puts_r.str1.4
                0x000840f0        0x4 c:/program files (x86)/atmel/studio/7.0/toolchain/arm/arm-gnu-toolchain/bin/../lib/gcc/arm-none-eabi/6.3.1/../../../../arm-none-eabi/lib/thumb/v7-m\libc.a(lib_a-puts.o)
                                  0x2 (size before relaxing)
 *(.ARM.extab* .gnu.linkonce.armextab.*)
                0x000840f4                . = ALIGN (0x4)
 *(.init)
 .init          0x000840f4        0x4 c:/program files (x86)/atmel/studio/7.0/toolchain/arm/arm-gnu-toolchain/bin/../lib/gcc/arm-none-eabi/6.3.1/thumb/v7-m/crti.o
                0x000840f4                _init
 .init          0x000840f8        0x8 c:/program files (x86)/atmel/studio/7.0/toolchain/arm/arm-gnu-toolchain/bin/../lib/gcc/arm-none-eabi/6.3.1/thumb/v7-m/crtn.o
                0x00084100                . = ALIGN (0x4)
                0x00084100                __preinit_array_start = .
 *(.preinit_array)
                0x00084100                __preinit_array_end = .
                0x00084100                . = ALIGN (0x4)
                0x00084100                __init_array_start = .
 *(SORT(.init_array.*))
 .init_array.00000
                0x00084100        0x4 c:/program files (x86)/atmel/studio/7.0/toolchain/arm/arm-gnu-toolchain/bin/../lib/gcc/arm-none-eabi/6.3.1/../../../../arm-none-eabi/lib/thumb/v7-m\libc.a(lib_a-__call_atexit.o)
 *(.init_array)
 .init_array    0x00084104        0x4 c:/program files (x86)/atmel/studio/7.0/toolchain/arm/arm-gnu-toolchain/bin/../lib/gcc/arm-none-eabi/6.3.1/thumb/v7-m/crtbegin.o
 .init_array    0x00084108        0x4 src/time.o
                0x0008410c                __init_array_end = .
                0x0008410c                . = ALIGN (0x4)
 *crtbegin.o(.ctors)
 *(EXCLUDE_FILE(*crtend.o) .ctors)
 *(SORT(.ctors.*))
 *crtend.o(.ctors)
                0x0008410c                . = ALIGN (0x4)
 *(.fini)
 .fini          0x0008410c        0x4 c:/program files (x86)/atmel/studio/7.0/toolchain/arm/arm-gnu-toolchain/bin/../lib/gcc/arm-none-eabi/6.3.1/thumb/v7-m/crti.o
                0x0008410c                _fini
 .fini          0x00084110        0x8 c:/program files (x86)/atmel/studio/7.0/toolchain/arm/arm-gnu-toolchain/bin/../lib/gcc/arm-none-eabi/6.3.1/thumb/v7-m/crtn.o
                0x00084118                . = ALIGN (0x4)
                0x00084118                __fini_array_start = .
 *(.fini_array)
 .fini_array    0x00084118        0x4 c:/program files (x86)/atmel/studio/7.0/toolchain/arm/arm-gnu-toolchain/bin/../lib/gcc/arm-none-eabi/6.3.1/thumb/v7-m/crtbegin.o
 *(SORT(.fini_array.*))
                0x0008411c                __fini_array_end = .
 *crtbegin.o(.dtors)
 *(EXCLUDE_FILE(*crtend.o) .dtors)
 *(SORT(.dtors.*))
 *crtend.o(.dtors)
                0x0008411c                . = ALIGN (0x4)
                0x0008411c                _efixed = .
                [!provide]                PROVIDE (__exidx_start, .)

.vfp11_veneer   0x0008411c        0x0
 .vfp11_veneer  0x0008411c        0x0 linker stubs

.v4_bx          0x0008411c        0x0
 .v4_bx         0x0008411c        0x0 linker stubs

.iplt           0x0008411c        0x0
 .iplt          0x0008411c        0x0 c:/program files (x86)/atmel/studio/7.0/toolchain/arm/arm-gnu-toolchain/bin/../lib/gcc/arm-none-eabi/6.3.1/thumb/v7-m/crtbegin.o

.ARM.exidx      0x0008411c        0x8
 *(.ARM.exidx* .gnu.linkonce.armexidx.*)
 .ARM.exidx     0x0008411c        0x8 c:/program files (x86)/atmel/studio/7.0/toolchain/arm/arm-gnu-toolchain/bin/../lib/gcc/arm-none-eabi/6.3.1/thumb/v7-m\libgcc.a(_udivmoddi4.o)
                [!provide]                PROVIDE (__exidx_end, .)

.eh_frame       0x00084124        0x0
 .eh_frame      0x00084124        0x0 c:/program files (x86)/atmel/studio/7.0/toolchain/arm/arm-gnu-toolchain/bin/../lib/gcc/arm-none-eabi/6.3.1/thumb/v7-m/crtbegin.o

.rel.dyn        0x00084124        0x0
 .rel.iplt      0x00084124        0x0 c:/program files (x86)/atmel/studio/7.0/toolchain/arm/arm-gnu-toolchain/bin/../lib/gcc/arm-none-eabi/6.3.1/thumb/v7-m/crtbegin.o

.jcr            0x00084124        0x0
 .jcr           0x00084124        0x0 c:/program files (x86)/atmel/studio/7.0/toolchain/arm/arm-gnu-toolchain/bin/../lib/gcc/arm-none-eabi/6.3.1/thumb/v7-m/crtbegin.o

.igot.plt       0x00084124        0x0
 .igot.plt      0x00084124        0x0 c:/program files (x86)/atmel/studio/7.0/toolchain/arm/arm-gnu-toolchain/bin/../lib/gcc/arm-none-eabi/6.3.1/thumb/v7-m/crtbegin.o
                0x00084124                . = ALIGN (0x4)
                0x00084124                _etext = .

.relocate       0x20000000      0x864 load address 0x00084124
                0x20000000                . = ALIGN (0x4)
                0x20000000                _srelocate = .
 *(.ramfunc .ramfunc.*)
 *(.data .data.*)
 .data          0x20000000        0x4 Device_Startup/system_sam3xa.o
                0x20000000                SystemCoreClock
 .data          0x20000004        0x1 src/driver_IR.o
                0x20000004                IR_l
 *fill*         0x20000005        0x3 
 .data          0x20000008       0x18 src/motor.o
                0x20000008                Kp
                0x20000010                Ki
                0x20000018                Kd
 .data._impure_ptr
                0x20000020        0x4 c:/program files (x86)/atmel/studio/7.0/toolchain/arm/arm-gnu-toolchain/bin/../lib/gcc/arm-none-eabi/6.3.1/../../../../arm-none-eabi/lib/thumb/v7-m\libc.a(lib_a-impure.o)
                0x20000020                _impure_ptr
 *fill*         0x20000024        0x4 
 .data.impure_data
                0x20000028      0x428 c:/program files (x86)/atmel/studio/7.0/toolchain/arm/arm-gnu-toolchain/bin/../lib/gcc/arm-none-eabi/6.3.1/../../../../arm-none-eabi/lib/thumb/v7-m\libc.a(lib_a-impure.o)
 .data.__atexit_recursive_mutex
                0x20000450        0x4 c:/program files (x86)/atmel/studio/7.0/toolchain/arm/arm-gnu-toolchain/bin/../lib/gcc/arm-none-eabi/6.3.1/../../../../arm-none-eabi/lib/thumb/v7-m\libc.a(lib_a-__call_atexit.o)
                0x20000450                __atexit_recursive_mutex
 .data.__malloc_av_
                0x20000454      0x408 c:/program files (x86)/atmel/studio/7.0/toolchain/arm/arm-gnu-toolchain/bin/../lib/gcc/arm-none-eabi/6.3.1/../../../../arm-none-eabi/lib/thumb/v7-m\libc.a(lib_a-mallocr.o)
                0x20000454                __malloc_av_
 .data.__malloc_sbrk_base
                0x2000085c        0x4 c:/program files (x86)/atmel/studio/7.0/toolchain/arm/arm-gnu-toolchain/bin/../lib/gcc/arm-none-eabi/6.3.1/../../../../arm-none-eabi/lib/thumb/v7-m\libc.a(lib_a-mallocr.o)
                0x2000085c                __malloc_sbrk_base
 .data.__malloc_trim_threshold
                0x20000860        0x4 c:/program files (x86)/atmel/studio/7.0/toolchain/arm/arm-gnu-toolchain/bin/../lib/gcc/arm-none-eabi/6.3.1/../../../../arm-none-eabi/lib/thumb/v7-m\libc.a(lib_a-mallocr.o)
                0x20000860                __malloc_trim_threshold
                0x20000864                . = ALIGN (0x4)
                0x20000864                _erelocate = .

.bss            0x20000868      0x5a0 load address 0x00084990
                0x20000868                . = ALIGN (0x4)
                0x20000868                _sbss = .
                0x20000868                _szero = .
 *(.bss .bss.*)
 .bss           0x20000868       0x1c c:/program files (x86)/atmel/studio/7.0/toolchain/arm/arm-gnu-toolchain/bin/../lib/gcc/arm-none-eabi/6.3.1/thumb/v7-m/crtbegin.o
 .bss           0x20000884        0xd src/driver_IR.o
                0x20000884                IR_initialized
                0x20000888                read_sum
                0x2000088c                read_index
                0x20000890                IR_buffer
 .bss           0x20000891        0x1 src/game.o
 *fill*         0x20000892        0x6 
 .bss           0x20000898       0x40 src/motor.o
                0x200008a0                reset_PID_flag
                0x200008b0                ref
                0x200008b8                error
                0x200008c0                integral
                0x200008c8                prev_error
                0x200008d0                derivat
 .bss           0x200008d8        0x8 src/time.o
 .bss           0x200008e0      0x414 src/uart_int.o
                0x200008e0                ringBufInstance
 .bss.__malloc_current_mallinfo
                0x20000cf4       0x28 c:/program files (x86)/atmel/studio/7.0/toolchain/arm/arm-gnu-toolchain/bin/../lib/gcc/arm-none-eabi/6.3.1/../../../../arm-none-eabi/lib/thumb/v7-m\libc.a(lib_a-mallocr.o)
                0x20000cf4                __malloc_current_mallinfo
 .bss.__malloc_max_sbrked_mem
                0x20000d1c        0x4 c:/program files (x86)/atmel/studio/7.0/toolchain/arm/arm-gnu-toolchain/bin/../lib/gcc/arm-none-eabi/6.3.1/../../../../arm-none-eabi/lib/thumb/v7-m\libc.a(lib_a-mallocr.o)
                0x20000d1c                __malloc_max_sbrked_mem
 .bss.__malloc_max_total_mem
                0x20000d20        0x4 c:/program files (x86)/atmel/studio/7.0/toolchain/arm/arm-gnu-toolchain/bin/../lib/gcc/arm-none-eabi/6.3.1/../../../../arm-none-eabi/lib/thumb/v7-m\libc.a(lib_a-mallocr.o)
                0x20000d20                __malloc_max_total_mem
 .bss.__malloc_top_pad
                0x20000d24        0x4 c:/program files (x86)/atmel/studio/7.0/toolchain/arm/arm-gnu-toolchain/bin/../lib/gcc/arm-none-eabi/6.3.1/../../../../arm-none-eabi/lib/thumb/v7-m\libc.a(lib_a-mallocr.o)
                0x20000d24                __malloc_top_pad
 *(COMMON)
 COMMON         0x20000d28       0x18 lib/can/can_interrupt.o
                0x20000d28                board
                0x20000d38                main_game
 COMMON         0x20000d40       0x42 lib/urat/uart.o
                0x20000d40                rx_buffer
 *fill*         0x20000d82        0x2 
 COMMON         0x20000d84       0x54 src/driver_IR.o
                0x20000d84                score
                0x20000d88                read_values
 COMMON         0x20000dd8        0x8 src/time.o
                0x20000dd8                calib
 COMMON         0x20000de0       0x21 c:/program files (x86)/atmel/studio/7.0/toolchain/arm/arm-gnu-toolchain/bin/../lib/gcc/arm-none-eabi/6.3.1/../../../../arm-none-eabi/lib/thumb/v7-m\libc.a(lib_a-lock.o)
                0x20000de0                __lock___atexit_recursive_mutex
                0x20000de4                __lock___arc4random_mutex
                0x20000de8                __lock___env_recursive_mutex
                0x20000dec                __lock___sinit_recursive_mutex
                0x20000df0                __lock___malloc_recursive_mutex
                0x20000df4                __lock___at_quick_exit_mutex
                0x20000df8                __lock___dd_hash_mutex
                0x20000dfc                __lock___tz_mutex
                0x20000e00                __lock___sfp_recursive_mutex
 *fill*         0x20000e01        0x3 
 COMMON         0x20000e04        0x4 c:/program files (x86)/atmel/studio/7.0/toolchain/arm/arm-gnu-toolchain/bin/../lib/gcc/arm-none-eabi/6.3.1/../../../../arm-none-eabi/lib/thumb/v7-m\libc.a(lib_a-reent.o)
                0x20000e04                errno
                0x20000e08                . = ALIGN (0x4)
                0x20000e08                _ebss = .
                0x20000e08                _ezero = .

.stack          0x20000e08      0x400 load address 0x00084f30
                0x20000e08                . = ALIGN (0x8)
                0x20000e08                _sstack = .
                0x20001208                . = (. + STACK_SIZE)
 *fill*         0x20000e08      0x400 
                0x20001208                . = ALIGN (0x8)
                0x20001208                _estack = .

.heap           0x20001208      0x200 load address 0x00085330
                0x20001208                . = ALIGN (0x8)
                0x20001208                _sheap = .
                0x20001408                . = (. + HEAP_SIZE)
 *fill*         0x20001208      0x200 
                0x20001408                . = ALIGN (0x8)
                0x20001408                _eheap = .
                0x20001408                . = ALIGN (0x4)
                0x20001408                _end = .
                0x20017fff                _ram_end_ = ((ORIGIN (ram) + LENGTH (ram)) - 0x1)
OUTPUT(RosaElefant.elf elf32-littlearm)

.ARM.attributes
                0x00000000       0x29
 .ARM.attributes
                0x00000000       0x1d c:/program files (x86)/atmel/studio/7.0/toolchain/arm/arm-gnu-toolchain/bin/../lib/gcc/arm-none-eabi/6.3.1/thumb/v7-m/crti.o
 .ARM.attributes
                0x0000001d       0x2d c:/program files (x86)/atmel/studio/7.0/toolchain/arm/arm-gnu-toolchain/bin/../lib/gcc/arm-none-eabi/6.3.1/thumb/v7-m/crtbegin.o
 .ARM.attributes
                0x0000004a       0x33 Device_Startup/startup_sam3xa.o
 .ARM.attributes
                0x0000007d       0x33 Device_Startup/system_sam3xa.o
 .ARM.attributes
                0x000000b0       0x33 lib/can/can_controller.o
 .ARM.attributes
                0x000000e3       0x33 lib/can/can_interrupt.o
 .ARM.attributes
                0x00000116       0x33 lib/urat/printf-stdarg.o
 .ARM.attributes
                0x00000149       0x33 lib/urat/uart.o
 .ARM.attributes
                0x0000017c       0x33 src/driver_IR.o
 .ARM.attributes
                0x000001af       0x33 src/encoder.o
 .ARM.attributes
                0x000001e2       0x33 src/game.o
 .ARM.attributes
                0x00000215       0x33 src/init.o
 .ARM.attributes
                0x00000248       0x33 src/motor.o
 .ARM.attributes
                0x0000027b       0x33 src/MultiBoard.o
 .ARM.attributes
                0x000002ae       0x33 src/pwm.o
 .ARM.attributes
                0x000002e1       0x33 src/main.o
 .ARM.attributes
                0x00000314       0x33 src/servo.o
 .ARM.attributes
                0x00000347       0x33 src/time.o
 .ARM.attributes
                0x0000037a       0x33 src/uart_int.o
 .ARM.attributes
                0x000003ad       0x1d c:/program files (x86)/atmel/studio/7.0/toolchain/arm/arm-gnu-toolchain/bin/../lib/gcc/arm-none-eabi/6.3.1/thumb/v7-m\libgcc.a(_arm_addsubdf3.o)
 .ARM.attributes
                0x000003ca       0x1d c:/program files (x86)/atmel/studio/7.0/toolchain/arm/arm-gnu-toolchain/bin/../lib/gcc/arm-none-eabi/6.3.1/thumb/v7-m\libgcc.a(_arm_muldivdf3.o)
 .ARM.attributes
                0x000003e7       0x1d c:/program files (x86)/atmel/studio/7.0/toolchain/arm/arm-gnu-toolchain/bin/../lib/gcc/arm-none-eabi/6.3.1/thumb/v7-m\libgcc.a(_arm_cmpdf2.o)
 .ARM.attributes
                0x00000404       0x1d c:/program files (x86)/atmel/studio/7.0/toolchain/arm/arm-gnu-toolchain/bin/../lib/gcc/arm-none-eabi/6.3.1/thumb/v7-m\libgcc.a(_arm_fixdfsi.o)
 .ARM.attributes
                0x00000421       0x1d c:/program files (x86)/atmel/studio/7.0/toolchain/arm/arm-gnu-toolchain/bin/../lib/gcc/arm-none-eabi/6.3.1/thumb/v7-m\libgcc.a(_arm_fixunsdfsi.o)
 .ARM.attributes
                0x0000043e       0x1d c:/program files (x86)/atmel/studio/7.0/toolchain/arm/arm-gnu-toolchain/bin/../lib/gcc/arm-none-eabi/6.3.1/thumb/v7-m\libgcc.a(_aeabi_ldivmod.o)
 .ARM.attributes
                0x0000045b       0x2d c:/program files (x86)/atmel/studio/7.0/toolchain/arm/arm-gnu-toolchain/bin/../lib/gcc/arm-none-eabi/6.3.1/thumb/v7-m\libgcc.a(_udivmoddi4.o)
 .ARM.attributes
                0x00000488       0x1d c:/program files (x86)/atmel/studio/7.0/toolchain/arm/arm-gnu-toolchain/bin/../lib/gcc/arm-none-eabi/6.3.1/thumb/v7-m\libgcc.a(_dvmd_tls.o)
 .ARM.attributes
                0x000004a5       0x2d c:/program files (x86)/atmel/studio/7.0/toolchain/arm/arm-gnu-toolchain/bin/../lib/gcc/arm-none-eabi/6.3.1/../../../../arm-none-eabi/lib/thumb/v7-m\libc.a(lib_a-impure.o)
 .ARM.attributes
                0x000004d2       0x2d c:/program files (x86)/atmel/studio/7.0/toolchain/arm/arm-gnu-toolchain/bin/../lib/gcc/arm-none-eabi/6.3.1/../../../../arm-none-eabi/lib/thumb/v7-m\libc.a(lib_a-init.o)
 .ARM.attributes
                0x000004ff       0x2d c:/program files (x86)/atmel/studio/7.0/toolchain/arm/arm-gnu-toolchain/bin/../lib/gcc/arm-none-eabi/6.3.1/../../../../arm-none-eabi/lib/thumb/v7-m\libc.a(lib_a-memset.o)
 .ARM.attributes
                0x0000052c       0x2d c:/program files (x86)/atmel/studio/7.0/toolchain/arm/arm-gnu-toolchain/bin/../lib/gcc/arm-none-eabi/6.3.1/../../../../arm-none-eabi/lib/thumb/v7-m\libc.a(lib_a-puts.o)
 .ARM.attributes
                0x00000559       0x2d c:/program files (x86)/atmel/studio/7.0/toolchain/arm/arm-gnu-toolchain/bin/../lib/gcc/arm-none-eabi/6.3.1/../../../../arm-none-eabi/lib/thumb/v7-m\libc.a(lib_a-strlen-stub.o)
 .ARM.attributes
                0x00000586       0x2d c:/program files (x86)/atmel/studio/7.0/toolchain/arm/arm-gnu-toolchain/bin/../lib/gcc/arm-none-eabi/6.3.1/../../../../arm-none-eabi/lib/thumb/v7-m\libc.a(lib_a-__call_atexit.o)
 .ARM.attributes
                0x000005b3       0x2d c:/program files (x86)/atmel/studio/7.0/toolchain/arm/arm-gnu-toolchain/bin/../lib/gcc/arm-none-eabi/6.3.1/../../../../arm-none-eabi/lib/thumb/v7-m\libc.a(lib_a-atexit.o)
 .ARM.attributes
                0x000005e0       0x2d c:/program files (x86)/atmel/studio/7.0/toolchain/arm/arm-gnu-toolchain/bin/../lib/gcc/arm-none-eabi/6.3.1/../../../../arm-none-eabi/lib/thumb/v7-m\libc.a(lib_a-findfp.o)
 .ARM.attributes
                0x0000060d       0x2d c:/program files (x86)/atmel/studio/7.0/toolchain/arm/arm-gnu-toolchain/bin/../lib/gcc/arm-none-eabi/6.3.1/../../../../arm-none-eabi/lib/thumb/v7-m\libc.a(lib_a-fini.o)
 .ARM.attributes
                0x0000063a       0x2d c:/program files (x86)/atmel/studio/7.0/toolchain/arm/arm-gnu-toolchain/bin/../lib/gcc/arm-none-eabi/6.3.1/../../../../arm-none-eabi/lib/thumb/v7-m\libc.a(lib_a-fvwrite.o)
 .ARM.attributes
                0x00000667       0x2d c:/program files (x86)/atmel/studio/7.0/toolchain/arm/arm-gnu-toolchain/bin/../lib/gcc/arm-none-eabi/6.3.1/../../../../arm-none-eabi/lib/thumb/v7-m\libc.a(lib_a-fwalk.o)
 .ARM.attributes
                0x00000694       0x2d c:/program files (x86)/atmel/studio/7.0/toolchain/arm/arm-gnu-toolchain/bin/../lib/gcc/arm-none-eabi/6.3.1/../../../../arm-none-eabi/lib/thumb/v7-m\libc.a(lib_a-lock.o)
 .ARM.attributes
                0x000006c1       0x2d c:/program files (x86)/atmel/studio/7.0/toolchain/arm/arm-gnu-toolchain/bin/../lib/gcc/arm-none-eabi/6.3.1/../../../../arm-none-eabi/lib/thumb/v7-m\libc.a(lib_a-mallocr.o)
 .ARM.attributes
                0x000006ee       0x2d c:/program files (x86)/atmel/studio/7.0/toolchain/arm/arm-gnu-toolchain/bin/../lib/gcc/arm-none-eabi/6.3.1/../../../../arm-none-eabi/lib/thumb/v7-m\libc.a(lib_a-memchr-stub.o)
 .ARM.attributes
                0x0000071b       0x1b c:/program files (x86)/atmel/studio/7.0/toolchain/arm/arm-gnu-toolchain/bin/../lib/gcc/arm-none-eabi/6.3.1/../../../../arm-none-eabi/lib/thumb/v7-m\libc.a(lib_a-memcpy.o)
 .ARM.attributes
                0x00000736       0x2d c:/program files (x86)/atmel/studio/7.0/toolchain/arm/arm-gnu-toolchain/bin/../lib/gcc/arm-none-eabi/6.3.1/../../../../arm-none-eabi/lib/thumb/v7-m\libc.a(lib_a-memmove.o)
 .ARM.attributes
                0x00000763       0x2d c:/program files (x86)/atmel/studio/7.0/toolchain/arm/arm-gnu-toolchain/bin/../lib/gcc/arm-none-eabi/6.3.1/../../../../arm-none-eabi/lib/thumb/v7-m\libc.a(lib_a-mlock.o)
 .ARM.attributes
                0x00000790       0x2d c:/program files (x86)/atmel/studio/7.0/toolchain/arm/arm-gnu-toolchain/bin/../lib/gcc/arm-none-eabi/6.3.1/../../../../arm-none-eabi/lib/thumb/v7-m\libc.a(lib_a-reallocr.o)
 .ARM.attributes
                0x000007bd       0x2d c:/program files (x86)/atmel/studio/7.0/toolchain/arm/arm-gnu-toolchain/bin/../lib/gcc/arm-none-eabi/6.3.1/../../../../arm-none-eabi/lib/thumb/v7-m\libc.a(lib_a-sbrkr.o)
 .ARM.attributes
                0x000007ea       0x2d c:/program files (x86)/atmel/studio/7.0/toolchain/arm/arm-gnu-toolchain/bin/../lib/gcc/arm-none-eabi/6.3.1/../../../../arm-none-eabi/lib/thumb/v7-m\libc.a(lib_a-stdio.o)
 .ARM.attributes
                0x00000817       0x2d c:/program files (x86)/atmel/studio/7.0/toolchain/arm/arm-gnu-toolchain/bin/../lib/gcc/arm-none-eabi/6.3.1/../../../../arm-none-eabi/lib/thumb/v7-m\libc.a(lib_a-writer.o)
 .ARM.attributes
                0x00000844       0x2d c:/program files (x86)/atmel/studio/7.0/toolchain/arm/arm-gnu-toolchain/bin/../lib/gcc/arm-none-eabi/6.3.1/../../../../arm-none-eabi/lib/thumb/v7-m\libc.a(lib_a-wsetup.o)
 .ARM.attributes
                0x00000871       0x2d c:/program files (x86)/atmel/studio/7.0/toolchain/arm/arm-gnu-toolchain/bin/../lib/gcc/arm-none-eabi/6.3.1/../../../../arm-none-eabi/lib/thumb/v7-m\libc.a(lib_a-__atexit.o)
 .ARM.attributes
                0x0000089e       0x2d c:/program files (x86)/atmel/studio/7.0/toolchain/arm/arm-gnu-toolchain/bin/../lib/gcc/arm-none-eabi/6.3.1/../../../../arm-none-eabi/lib/thumb/v7-m\libc.a(lib_a-closer.o)
 .ARM.attributes
                0x000008cb       0x2d c:/program files (x86)/atmel/studio/7.0/toolchain/arm/arm-gnu-toolchain/bin/../lib/gcc/arm-none-eabi/6.3.1/../../../../arm-none-eabi/lib/thumb/v7-m\libc.a(lib_a-fclose.o)
 .ARM.attributes
                0x000008f8       0x2d c:/program files (x86)/atmel/studio/7.0/toolchain/arm/arm-gnu-toolchain/bin/../lib/gcc/arm-none-eabi/6.3.1/../../../../arm-none-eabi/lib/thumb/v7-m\libc.a(lib_a-fflush.o)
 .ARM.attributes
                0x00000925       0x2d c:/program files (x86)/atmel/studio/7.0/toolchain/arm/arm-gnu-toolchain/bin/../lib/gcc/arm-none-eabi/6.3.1/../../../../arm-none-eabi/lib/thumb/v7-m\libc.a(lib_a-freer.o)
 .ARM.attributes
                0x00000952       0x2d c:/program files (x86)/atmel/studio/7.0/toolchain/arm/arm-gnu-toolchain/bin/../lib/gcc/arm-none-eabi/6.3.1/../../../../arm-none-eabi/lib/thumb/v7-m\libc.a(lib_a-lseekr.o)
 .ARM.attributes
                0x0000097f       0x2d c:/program files (x86)/atmel/studio/7.0/toolchain/arm/arm-gnu-toolchain/bin/../lib/gcc/arm-none-eabi/6.3.1/../../../../arm-none-eabi/lib/thumb/v7-m\libc.a(lib_a-makebuf.o)
 .ARM.attributes
                0x000009ac       0x2d c:/program files (x86)/atmel/studio/7.0/toolchain/arm/arm-gnu-toolchain/bin/../lib/gcc/arm-none-eabi/6.3.1/../../../../arm-none-eabi/lib/thumb/v7-m\libc.a(lib_a-readr.o)
 .ARM.attributes
                0x000009d9       0x2d c:/program files (x86)/atmel/studio/7.0/toolchain/arm/arm-gnu-toolchain/bin/../lib/gcc/arm-none-eabi/6.3.1/../../../../arm-none-eabi/lib/thumb/v7-m\libc.a(lib_a-reent.o)
 .ARM.attributes
                0x00000a06       0x2d c:/program files (x86)/atmel/studio/7.0/toolchain/arm/arm-gnu-toolchain/bin/../lib/gcc/arm-none-eabi/6.3.1/../../../../arm-none-eabi/lib/thumb/v7-m\libc.a(lib_a-fstatr.o)
 .ARM.attributes
                0x00000a33       0x2d c:/program files (x86)/atmel/studio/7.0/toolchain/arm/arm-gnu-toolchain/bin/../lib/gcc/arm-none-eabi/6.3.1/../../../../arm-none-eabi/lib/thumb/v7-m\libc.a(lib_a-isattyr.o)
 .ARM.attributes
                0x00000a60       0x1d c:/program files (x86)/atmel/studio/7.0/toolchain/arm/arm-gnu-toolchain/bin/../lib/gcc/arm-none-eabi/6.3.1/thumb/v7-m/crtn.o

.comment        0x00000000       0x59
 .comment       0x00000000       0x59 Device_Startup/startup_sam3xa.o
                                 0x5a (size before relaxing)
 .comment       0x00000059       0x5a Device_Startup/system_sam3xa.o
 .comment       0x00000059       0x5a lib/can/can_controller.o
 .comment       0x00000059       0x5a lib/can/can_interrupt.o
 .comment       0x00000059       0x5a lib/urat/printf-stdarg.o
 .comment       0x00000059       0x5a lib/urat/uart.o
 .comment       0x00000059       0x5a src/driver_IR.o
 .comment       0x00000059       0x5a src/encoder.o
 .comment       0x00000059       0x5a src/game.o
 .comment       0x00000059       0x5a src/init.o
 .comment       0x00000059       0x5a src/motor.o
 .comment       0x00000059       0x5a src/MultiBoard.o
 .comment       0x00000059       0x5a src/pwm.o
 .comment       0x00000059       0x5a src/main.o
 .comment       0x00000059       0x5a src/servo.o
 .comment       0x00000059       0x5a src/time.o
 .comment       0x00000059       0x5a src/uart_int.o

.debug_frame    0x00000000      0xbfc
 .debug_frame   0x00000000       0xac c:/program files (x86)/atmel/studio/7.0/toolchain/arm/arm-gnu-toolchain/bin/../lib/gcc/arm-none-eabi/6.3.1/thumb/v7-m\libgcc.a(_arm_addsubdf3.o)
 .debug_frame   0x000000ac       0x50 c:/program files (x86)/atmel/studio/7.0/toolchain/arm/arm-gnu-toolchain/bin/../lib/gcc/arm-none-eabi/6.3.1/thumb/v7-m\libgcc.a(_arm_muldivdf3.o)
 .debug_frame   0x000000fc       0xc4 c:/program files (x86)/atmel/studio/7.0/toolchain/arm/arm-gnu-toolchain/bin/../lib/gcc/arm-none-eabi/6.3.1/thumb/v7-m\libgcc.a(_arm_cmpdf2.o)
 .debug_frame   0x000001c0       0x24 c:/program files (x86)/atmel/studio/7.0/toolchain/arm/arm-gnu-toolchain/bin/../lib/gcc/arm-none-eabi/6.3.1/thumb/v7-m\libgcc.a(_arm_fixdfsi.o)
 .debug_frame   0x000001e4       0x24 c:/program files (x86)/atmel/studio/7.0/toolchain/arm/arm-gnu-toolchain/bin/../lib/gcc/arm-none-eabi/6.3.1/thumb/v7-m\libgcc.a(_arm_fixunsdfsi.o)
 .debug_frame   0x00000208       0x44 c:/program files (x86)/atmel/studio/7.0/toolchain/arm/arm-gnu-toolchain/bin/../lib/gcc/arm-none-eabi/6.3.1/thumb/v7-m\libgcc.a(_aeabi_ldivmod.o)
 .debug_frame   0x0000024c       0x34 c:/program files (x86)/atmel/studio/7.0/toolchain/arm/arm-gnu-toolchain/bin/../lib/gcc/arm-none-eabi/6.3.1/thumb/v7-m\libgcc.a(_udivmoddi4.o)
 .debug_frame   0x00000280       0x2c c:/program files (x86)/atmel/studio/7.0/toolchain/arm/arm-gnu-toolchain/bin/../lib/gcc/arm-none-eabi/6.3.1/../../../../arm-none-eabi/lib/thumb/v7-m\libc.a(lib_a-init.o)
 .debug_frame   0x000002ac       0x34 c:/program files (x86)/atmel/studio/7.0/toolchain/arm/arm-gnu-toolchain/bin/../lib/gcc/arm-none-eabi/6.3.1/../../../../arm-none-eabi/lib/thumb/v7-m\libc.a(lib_a-memset.o)
 .debug_frame   0x000002e0       0x4c c:/program files (x86)/atmel/studio/7.0/toolchain/arm/arm-gnu-toolchain/bin/../lib/gcc/arm-none-eabi/6.3.1/../../../../arm-none-eabi/lib/thumb/v7-m\libc.a(lib_a-puts.o)
 .debug_frame   0x0000032c       0x20 c:/program files (x86)/atmel/studio/7.0/toolchain/arm/arm-gnu-toolchain/bin/../lib/gcc/arm-none-eabi/6.3.1/../../../../arm-none-eabi/lib/thumb/v7-m\libc.a(lib_a-strlen-stub.o)
 .debug_frame   0x0000034c       0x5c c:/program files (x86)/atmel/studio/7.0/toolchain/arm/arm-gnu-toolchain/bin/../lib/gcc/arm-none-eabi/6.3.1/../../../../arm-none-eabi/lib/thumb/v7-m\libc.a(lib_a-__call_atexit.o)
 .debug_frame   0x000003a8       0x20 c:/program files (x86)/atmel/studio/7.0/toolchain/arm/arm-gnu-toolchain/bin/../lib/gcc/arm-none-eabi/6.3.1/../../../../arm-none-eabi/lib/thumb/v7-m\libc.a(lib_a-atexit.o)
 .debug_frame   0x000003c8      0x150 c:/program files (x86)/atmel/studio/7.0/toolchain/arm/arm-gnu-toolchain/bin/../lib/gcc/arm-none-eabi/6.3.1/../../../../arm-none-eabi/lib/thumb/v7-m\libc.a(lib_a-findfp.o)
 .debug_frame   0x00000518       0x34 c:/program files (x86)/atmel/studio/7.0/toolchain/arm/arm-gnu-toolchain/bin/../lib/gcc/arm-none-eabi/6.3.1/../../../../arm-none-eabi/lib/thumb/v7-m\libc.a(lib_a-fini.o)
 .debug_frame   0x0000054c       0x68 c:/program files (x86)/atmel/studio/7.0/toolchain/arm/arm-gnu-toolchain/bin/../lib/gcc/arm-none-eabi/6.3.1/../../../../arm-none-eabi/lib/thumb/v7-m\libc.a(lib_a-fvwrite.o)
 .debug_frame   0x000005b4       0x54 c:/program files (x86)/atmel/studio/7.0/toolchain/arm/arm-gnu-toolchain/bin/../lib/gcc/arm-none-eabi/6.3.1/../../../../arm-none-eabi/lib/thumb/v7-m\libc.a(lib_a-fwalk.o)
 .debug_frame   0x00000608       0xb0 c:/program files (x86)/atmel/studio/7.0/toolchain/arm/arm-gnu-toolchain/bin/../lib/gcc/arm-none-eabi/6.3.1/../../../../arm-none-eabi/lib/thumb/v7-m\libc.a(lib_a-lock.o)
 .debug_frame   0x000006b8       0x54 c:/program files (x86)/atmel/studio/7.0/toolchain/arm/arm-gnu-toolchain/bin/../lib/gcc/arm-none-eabi/6.3.1/../../../../arm-none-eabi/lib/thumb/v7-m\libc.a(lib_a-mallocr.o)
 .debug_frame   0x0000070c       0x34 c:/program files (x86)/atmel/studio/7.0/toolchain/arm/arm-gnu-toolchain/bin/../lib/gcc/arm-none-eabi/6.3.1/../../../../arm-none-eabi/lib/thumb/v7-m\libc.a(lib_a-memchr-stub.o)
 .debug_frame   0x00000740       0x30 c:/program files (x86)/atmel/studio/7.0/toolchain/arm/arm-gnu-toolchain/bin/../lib/gcc/arm-none-eabi/6.3.1/../../../../arm-none-eabi/lib/thumb/v7-m\libc.a(lib_a-memmove.o)
 .debug_frame   0x00000770       0x30 c:/program files (x86)/atmel/studio/7.0/toolchain/arm/arm-gnu-toolchain/bin/../lib/gcc/arm-none-eabi/6.3.1/../../../../arm-none-eabi/lib/thumb/v7-m\libc.a(lib_a-mlock.o)
 .debug_frame   0x000007a0       0x68 c:/program files (x86)/atmel/studio/7.0/toolchain/arm/arm-gnu-toolchain/bin/../lib/gcc/arm-none-eabi/6.3.1/../../../../arm-none-eabi/lib/thumb/v7-m\libc.a(lib_a-reallocr.o)
 .debug_frame   0x00000808       0x2c c:/program files (x86)/atmel/studio/7.0/toolchain/arm/arm-gnu-toolchain/bin/../lib/gcc/arm-none-eabi/6.3.1/../../../../arm-none-eabi/lib/thumb/v7-m\libc.a(lib_a-sbrkr.o)
 .debug_frame   0x00000834       0x88 c:/program files (x86)/atmel/studio/7.0/toolchain/arm/arm-gnu-toolchain/bin/../lib/gcc/arm-none-eabi/6.3.1/../../../../arm-none-eabi/lib/thumb/v7-m\libc.a(lib_a-stdio.o)
 .debug_frame   0x000008bc       0x30 c:/program files (x86)/atmel/studio/7.0/toolchain/arm/arm-gnu-toolchain/bin/../lib/gcc/arm-none-eabi/6.3.1/../../../../arm-none-eabi/lib/thumb/v7-m\libc.a(lib_a-writer.o)
 .debug_frame   0x000008ec       0x2c c:/program files (x86)/atmel/studio/7.0/toolchain/arm/arm-gnu-toolchain/bin/../lib/gcc/arm-none-eabi/6.3.1/../../../../arm-none-eabi/lib/thumb/v7-m\libc.a(lib_a-wsetup.o)
 .debug_frame   0x00000918       0x34 c:/program files (x86)/atmel/studio/7.0/toolchain/arm/arm-gnu-toolchain/bin/../lib/gcc/arm-none-eabi/6.3.1/../../../../arm-none-eabi/lib/thumb/v7-m\libc.a(lib_a-__atexit.o)
 .debug_frame   0x0000094c       0x2c c:/program files (x86)/atmel/studio/7.0/toolchain/arm/arm-gnu-toolchain/bin/../lib/gcc/arm-none-eabi/6.3.1/../../../../arm-none-eabi/lib/thumb/v7-m\libc.a(lib_a-closer.o)
 .debug_frame   0x00000978       0x3c c:/program files (x86)/atmel/studio/7.0/toolchain/arm/arm-gnu-toolchain/bin/../lib/gcc/arm-none-eabi/6.3.1/../../../../arm-none-eabi/lib/thumb/v7-m\libc.a(lib_a-fclose.o)
 .debug_frame   0x000009b4       0x5c c:/program files (x86)/atmel/studio/7.0/toolchain/arm/arm-gnu-toolchain/bin/../lib/gcc/arm-none-eabi/6.3.1/../../../../arm-none-eabi/lib/thumb/v7-m\libc.a(lib_a-fflush.o)
 .debug_frame   0x00000a10       0x74 c:/program files (x86)/atmel/studio/7.0/toolchain/arm/arm-gnu-toolchain/bin/../lib/gcc/arm-none-eabi/6.3.1/../../../../arm-none-eabi/lib/thumb/v7-m\libc.a(lib_a-freer.o)
 .debug_frame   0x00000a84       0x30 c:/program files (x86)/atmel/studio/7.0/toolchain/arm/arm-gnu-toolchain/bin/../lib/gcc/arm-none-eabi/6.3.1/../../../../arm-none-eabi/lib/thumb/v7-m\libc.a(lib_a-lseekr.o)
 .debug_frame   0x00000ab4       0x68 c:/program files (x86)/atmel/studio/7.0/toolchain/arm/arm-gnu-toolchain/bin/../lib/gcc/arm-none-eabi/6.3.1/../../../../arm-none-eabi/lib/thumb/v7-m\libc.a(lib_a-makebuf.o)
 .debug_frame   0x00000b1c       0x30 c:/program files (x86)/atmel/studio/7.0/toolchain/arm/arm-gnu-toolchain/bin/../lib/gcc/arm-none-eabi/6.3.1/../../../../arm-none-eabi/lib/thumb/v7-m\libc.a(lib_a-readr.o)
 .debug_frame   0x00000b4c       0x58 c:/program files (x86)/atmel/studio/7.0/toolchain/arm/arm-gnu-toolchain/bin/../lib/gcc/arm-none-eabi/6.3.1/../../../../arm-none-eabi/lib/thumb/v7-m\libc.a(lib_a-reent.o)
 .debug_frame   0x00000ba4       0x2c c:/program files (x86)/atmel/studio/7.0/toolchain/arm/arm-gnu-toolchain/bin/../lib/gcc/arm-none-eabi/6.3.1/../../../../arm-none-eabi/lib/thumb/v7-m\libc.a(lib_a-fstatr.o)
 .debug_frame   0x00000bd0       0x2c c:/program files (x86)/atmel/studio/7.0/toolchain/arm/arm-gnu-toolchain/bin/../lib/gcc/arm-none-eabi/6.3.1/../../../../arm-none-eabi/lib/thumb/v7-m\libc.a(lib_a-isattyr.o)
